<?xml version="1.0"?>
<link_info>
   <banner>TI ARM Linker PC v5.2.6</banner>
   <copyright>Copyright (c) 1996-2015 Texas Instruments Incorporated</copyright>
   <link_time>0x61b255c6</link_time>
   <link_errors>0x0</link_errors>
   <output_file>Assignment_2.out</output_file>
   <entry_point>
      <name>_c_int00</name>
      <address>0xffd</address>
   </entry_point>
   <input_file_list>
      <input_file id="fl-3">
         <path>.\</path>
         <kind>object</kind>
         <file>Assignment_2.obj</file>
         <name>Assignment_2.obj</name>
      </input_file>
      <input_file id="fl-4">
         <path>.\</path>
         <kind>object</kind>
         <file>startup_ccs.obj</file>
         <name>startup_ccs.obj</name>
      </input_file>
      <input_file id="fl-5">
         <path>.\</path>
         <kind>object</kind>
         <file>uartstdio.obj</file>
         <name>uartstdio.obj</name>
      </input_file>
      <input_file id="fl-6">
         <path>.\</path>
         <kind>object</kind>
         <file>ustdlib.obj</file>
         <name>ustdlib.obj</name>
      </input_file>
      <input_file id="fl-12c">
         <path>E:\CPE 403\ccs\tools\compiler\ti-cgt-arm_5.2.6\lib\</path>
         <kind>archive</kind>
         <file>rtsv7M4_T_le_v4SPD16_eabi.lib</file>
         <name>boot.obj</name>
      </input_file>
      <input_file id="fl-12d">
         <path>E:\CPE 403\ccs\tools\compiler\ti-cgt-arm_5.2.6\lib\</path>
         <kind>archive</kind>
         <file>rtsv7M4_T_le_v4SPD16_eabi.lib</file>
         <name>copy_decompress_none.obj</name>
      </input_file>
      <input_file id="fl-12e">
         <path>E:\CPE 403\ccs\tools\compiler\ti-cgt-arm_5.2.6\lib\</path>
         <kind>archive</kind>
         <file>rtsv7M4_T_le_v4SPD16_eabi.lib</file>
         <name>copy_decompress_rle.obj</name>
      </input_file>
      <input_file id="fl-12f">
         <path>E:\CPE 403\ccs\tools\compiler\ti-cgt-arm_5.2.6\lib\</path>
         <kind>archive</kind>
         <file>rtsv7M4_T_le_v4SPD16_eabi.lib</file>
         <name>copy_zero_init.obj</name>
      </input_file>
      <input_file id="fl-130">
         <path>E:\CPE 403\ccs\tools\compiler\ti-cgt-arm_5.2.6\lib\</path>
         <kind>archive</kind>
         <file>rtsv7M4_T_le_v4SPD16_eabi.lib</file>
         <name>exit.obj</name>
      </input_file>
      <input_file id="fl-131">
         <path>E:\CPE 403\ccs\tools\compiler\ti-cgt-arm_5.2.6\lib\</path>
         <kind>archive</kind>
         <file>rtsv7M4_T_le_v4SPD16_eabi.lib</file>
         <name>memcpy_t2.obj</name>
      </input_file>
      <input_file id="fl-132">
         <path>E:\CPE 403\ccs\tools\compiler\ti-cgt-arm_5.2.6\lib\</path>
         <kind>archive</kind>
         <file>rtsv7M4_T_le_v4SPD16_eabi.lib</file>
         <name>memset_t2.obj</name>
      </input_file>
      <input_file id="fl-133">
         <path>E:\CPE 403\ccs\tools\compiler\ti-cgt-arm_5.2.6\lib\</path>
         <kind>archive</kind>
         <file>rtsv7M4_T_le_v4SPD16_eabi.lib</file>
         <name>pre_init.obj</name>
      </input_file>
      <input_file id="fl-134">
         <path>E:\CPE 403\ccs\tools\compiler\ti-cgt-arm_5.2.6\lib\</path>
         <kind>archive</kind>
         <file>rtsv7M4_T_le_v4SPD16_eabi.lib</file>
         <name>stkdepth_vars.obj</name>
      </input_file>
      <input_file id="fl-135">
         <path>E:\CPE 403\ccs\tools\compiler\ti-cgt-arm_5.2.6\lib\</path>
         <kind>archive</kind>
         <file>rtsv7M4_T_le_v4SPD16_eabi.lib</file>
         <name>u_divt2.obj</name>
      </input_file>
      <input_file id="fl-136">
         <path>E:\CPE 403\ccs\tools\compiler\ti-cgt-arm_5.2.6\lib\</path>
         <kind>archive</kind>
         <file>rtsv7M4_T_le_v4SPD16_eabi.lib</file>
         <name>_lock.obj</name>
      </input_file>
      <input_file id="fl-137">
         <path>E:\CPE 403\ccs\tools\compiler\ti-cgt-arm_5.2.6\lib\</path>
         <kind>archive</kind>
         <file>rtsv7M4_T_le_v4SPD16_eabi.lib</file>
         <name>args_main.obj</name>
      </input_file>
      <input_file id="fl-138">
         <path>E:\CPE 403\ccs\tools\compiler\ti-cgt-arm_5.2.6\lib\</path>
         <kind>archive</kind>
         <file>rtsv7M4_T_le_v4SPD16_eabi.lib</file>
         <name>autoinit.obj</name>
      </input_file>
      <input_file id="fl-139">
         <path>E:\CPE 403\ccs\tools\compiler\ti-cgt-arm_5.2.6\lib\</path>
         <kind>archive</kind>
         <file>rtsv7M4_T_le_v4SPD16_eabi.lib</file>
         <name>cpy_tbl.obj</name>
      </input_file>
      <input_file id="fl-13a">
         <path>E:\CPE 403\ccs\tools\compiler\ti-cgt-arm_5.2.6\lib\</path>
         <kind>archive</kind>
         <file>rtsv7M4_T_le_v4SPD16_eabi.lib</file>
         <name>i_div0.obj</name>
      </input_file>
      <input_file id="fl-13b">
         <path>C:\ti\tivaware_c_series_2_1_4_178\driverlib\ccs\Debug\</path>
         <kind>archive</kind>
         <file>driverlib.lib</file>
         <name>adc.obj</name>
      </input_file>
      <input_file id="fl-13c">
         <path>C:\ti\tivaware_c_series_2_1_4_178\driverlib\ccs\Debug\</path>
         <kind>archive</kind>
         <file>driverlib.lib</file>
         <name>gpio.obj</name>
      </input_file>
      <input_file id="fl-13d">
         <path>C:\ti\tivaware_c_series_2_1_4_178\driverlib\ccs\Debug\</path>
         <kind>archive</kind>
         <file>driverlib.lib</file>
         <name>interrupt.obj</name>
      </input_file>
      <input_file id="fl-13e">
         <path>C:\ti\tivaware_c_series_2_1_4_178\driverlib\ccs\Debug\</path>
         <kind>archive</kind>
         <file>driverlib.lib</file>
         <name>pwm.obj</name>
      </input_file>
      <input_file id="fl-13f">
         <path>C:\ti\tivaware_c_series_2_1_4_178\driverlib\ccs\Debug\</path>
         <kind>archive</kind>
         <file>driverlib.lib</file>
         <name>sysctl.obj</name>
      </input_file>
      <input_file id="fl-140">
         <path>C:\ti\tivaware_c_series_2_1_4_178\driverlib\ccs\Debug\</path>
         <kind>archive</kind>
         <file>driverlib.lib</file>
         <name>timer.obj</name>
      </input_file>
      <input_file id="fl-141">
         <path>C:\ti\tivaware_c_series_2_1_4_178\driverlib\ccs\Debug\</path>
         <kind>archive</kind>
         <file>driverlib.lib</file>
         <name>uart.obj</name>
      </input_file>
      <input_file id="fl-142">
         <path>C:\ti\tivaware_c_series_2_1_4_178\driverlib\ccs\Debug\</path>
         <kind>archive</kind>
         <file>driverlib.lib</file>
         <name>cpu.obj</name>
      </input_file>
   </input_file_list>
   <object_component_list>
      <object_component id="oc-f">
         <name>.intvecs</name>
         <load_address>0x0</load_address>
         <run_address>0x0</run_address>
         <size>0x26c</size>
         <input_file_ref idref="fl-4"/>
      </object_component>
      <object_component id="oc-b2">
         <name>.text:main</name>
         <load_address>0x26c</load_address>
         <run_address>0x26c</run_address>
         <size>0x380</size>
         <input_file_ref idref="fl-3"/>
      </object_component>
      <object_component id="oc-1c0">
         <name>.text:UARTvprintf</name>
         <load_address>0x5ec</load_address>
         <run_address>0x5ec</run_address>
         <size>0x1ea</size>
         <input_file_ref idref="fl-5"/>
      </object_component>
      <object_component id="oc-197">
         <name>.text:GPIOPadConfigSet</name>
         <load_address>0x7d6</load_address>
         <run_address>0x7d6</run_address>
         <size>0x132</size>
         <input_file_ref idref="fl-13c"/>
      </object_component>
      <object_component id="oc-e4">
         <name>.text:SysCtlClockGet</name>
         <load_address>0x908</load_address>
         <run_address>0x908</run_address>
         <size>0x110</size>
         <input_file_ref idref="fl-13f"/>
      </object_component>
      <object_component id="oc-d8">
         <name>.text:SysCtlClockSet</name>
         <load_address>0xa18</load_address>
         <run_address>0xa18</run_address>
         <size>0xf4</size>
         <input_file_ref idref="fl-13f"/>
      </object_component>
      <object_component id="oc-45">
         <name>.text</name>
         <load_address>0xb0c</load_address>
         <run_address>0xb0c</run_address>
         <size>0x9c</size>
         <input_file_ref idref="fl-131"/>
      </object_component>
      <object_component id="oc-150">
         <name>.text:Timer1IntHandlerC</name>
         <load_address>0xba8</load_address>
         <run_address>0xba8</run_address>
         <size>0x88</size>
         <input_file_ref idref="fl-3"/>
      </object_component>
      <object_component id="oc-156">
         <name>.text:Timer1IntHandlerF</name>
         <load_address>0xc30</load_address>
         <run_address>0xc30</run_address>
         <size>0x88</size>
         <input_file_ref idref="fl-3"/>
      </object_component>
      <object_component id="oc-102">
         <name>.text:ADCSequenceStepConfigure</name>
         <load_address>0xcb8</load_address>
         <run_address>0xcb8</run_address>
         <size>0x7a</size>
         <input_file_ref idref="fl-13b"/>
      </object_component>
      <object_component id="oc-5e">
         <name>.text</name>
         <load_address>0xd32</load_address>
         <run_address>0xd32</run_address>
         <size>0x7a</size>
         <input_file_ref idref="fl-132"/>
      </object_component>
      <object_component id="oc-70">
         <name>.text</name>
         <load_address>0xdac</load_address>
         <run_address>0xdac</run_address>
         <size>0x6c</size>
         <input_file_ref idref="fl-138"/>
      </object_component>
      <object_component id="oc-51">
         <name>.text</name>
         <load_address>0xe18</load_address>
         <run_address>0xe18</run_address>
         <size>0x6a</size>
         <input_file_ref idref="fl-12e"/>
      </object_component>
      <object_component id="oc-36">
         <name>.text:FaultISR</name>
         <load_address>0xe82</load_address>
         <run_address>0xe82</run_address>
         <size>0x2</size>
         <input_file_ref idref="fl-4"/>
      </object_component>
      <object_component id="oc-120">
         <name>.text:IntEnable</name>
         <load_address>0xe84</load_address>
         <run_address>0xe84</run_address>
         <size>0x68</size>
         <input_file_ref idref="fl-13d"/>
      </object_component>
      <object_component id="oc-114">
         <name>.text:TimerConfigure</name>
         <load_address>0xeec</load_address>
         <run_address>0xeec</run_address>
         <size>0x60</size>
         <input_file_ref idref="fl-140"/>
      </object_component>
      <object_component id="oc-13e">
         <name>.text:UARTStdioConfig</name>
         <load_address>0xf4c</load_address>
         <run_address>0xf4c</run_address>
         <size>0x60</size>
         <input_file_ref idref="fl-5"/>
      </object_component>
      <object_component id="oc-fc">
         <name>.text:ADCSequenceConfigure</name>
         <load_address>0xfac</load_address>
         <run_address>0xfac</run_address>
         <size>0x50</size>
         <input_file_ref idref="fl-13b"/>
      </object_component>
      <object_component id="oc-24">
         <name>.text</name>
         <load_address>0xffc</load_address>
         <run_address>0xffc</run_address>
         <size>0x50</size>
         <input_file_ref idref="fl-12c"/>
      </object_component>
      <object_component id="oc-aa">
         <name>.text</name>
         <load_address>0x104c</load_address>
         <run_address>0x104c</run_address>
         <size>0x4c</size>
         <input_file_ref idref="fl-139"/>
      </object_component>
      <object_component id="oc-12c">
         <name>.text:GPIOPinConfigure</name>
         <load_address>0x1098</load_address>
         <run_address>0x1098</run_address>
         <size>0x48</size>
         <input_file_ref idref="fl-13c"/>
      </object_component>
      <object_component id="oc-215">
         <name>.text:UARTwrite</name>
         <load_address>0x10e0</load_address>
         <run_address>0x10e0</run_address>
         <size>0x48</size>
         <input_file_ref idref="fl-5"/>
      </object_component>
      <object_component id="oc-7c">
         <name>.text</name>
         <load_address>0x1128</load_address>
         <run_address>0x1128</run_address>
         <size>0x44</size>
         <input_file_ref idref="fl-130"/>
      </object_component>
      <object_component id="oc-21b">
         <name>.text</name>
         <load_address>0x116c</load_address>
         <run_address>0x116c</run_address>
         <size>0x40</size>
         <input_file_ref idref="fl-135"/>
      </object_component>
      <object_component id="oc-de">
         <name>.text:SysCtlPeripheralEnable</name>
         <load_address>0x11ac</load_address>
         <run_address>0x11ac</run_address>
         <size>0x34</size>
         <input_file_ref idref="fl-13f"/>
      </object_component>
      <object_component id="oc-19d">
         <name>.text:GPIODirModeSet</name>
         <load_address>0x11e0</load_address>
         <run_address>0x11e0</run_address>
         <size>0x2a</size>
         <input_file_ref idref="fl-13c"/>
      </object_component>
      <object_component id="oc-ea">
         <name>.text:PWMGenConfigure</name>
         <load_address>0x120a</load_address>
         <run_address>0x120a</run_address>
         <size>0x22</size>
         <input_file_ref idref="fl-13e"/>
      </object_component>
      <object_component id="oc-1df">
         <name>.text:ADCSequenceDataGet</name>
         <load_address>0x122c</load_address>
         <run_address>0x122c</run_address>
         <size>0x1e</size>
         <input_file_ref idref="fl-13b"/>
      </object_component>
      <object_component id="oc-3c">
         <name>.text:IntDefaultHandler</name>
         <load_address>0x124a</load_address>
         <run_address>0x124a</run_address>
         <size>0x2</size>
         <input_file_ref idref="fl-4"/>
      </object_component>
      <object_component id="oc-14a">
         <name>.text:UARTgetc</name>
         <load_address>0x124c</load_address>
         <run_address>0x124c</run_address>
         <size>0x1c</size>
         <input_file_ref idref="fl-5"/>
      </object_component>
      <object_component id="oc-144">
         <name>.text:UARTprintf</name>
         <load_address>0x1268</load_address>
         <run_address>0x1268</run_address>
         <size>0x1a</size>
         <input_file_ref idref="fl-5"/>
      </object_component>
      <object_component id="oc-1d9">
         <name>.text:ADCProcessorTrigger</name>
         <load_address>0x1282</load_address>
         <run_address>0x1282</run_address>
         <size>0x18</size>
         <input_file_ref idref="fl-13b"/>
      </object_component>
      <object_component id="oc-10e">
         <name>.text:GPIOPinTypeGPIOOutput</name>
         <load_address>0x129a</load_address>
         <run_address>0x129a</run_address>
         <size>0x18</size>
         <input_file_ref idref="fl-13c"/>
      </object_component>
      <object_component id="oc-30">
         <name>.text:NmiSR</name>
         <load_address>0x12b2</load_address>
         <run_address>0x12b2</run_address>
         <size>0x2</size>
         <input_file_ref idref="fl-4"/>
      </object_component>
      <object_component id="oc-76">
         <name>.text</name>
         <load_address>0x12b4</load_address>
         <run_address>0x12b4</run_address>
         <size>0x18</size>
         <input_file_ref idref="fl-137"/>
      </object_component>
      <object_component id="oc-171">
         <name>.text</name>
         <load_address>0x12cc</load_address>
         <run_address>0x12cc</run_address>
         <size>0x14</size>
         <input_file_ref idref="fl-136"/>
      </object_component>
      <object_component id="oc-132">
         <name>.text:GPIOPinTypeUART</name>
         <load_address>0x12e0</load_address>
         <run_address>0x12e0</run_address>
         <size>0x12</size>
         <input_file_ref idref="fl-13c"/>
      </object_component>
      <object_component id="oc-11a">
         <name>.text:TimerLoadSet</name>
         <load_address>0x12f2</load_address>
         <run_address>0x12f2</run_address>
         <size>0x12</size>
         <input_file_ref idref="fl-140"/>
      </object_component>
      <object_component id="oc-f0">
         <name>.text:PWMGenPeriodSet</name>
         <load_address>0x1304</load_address>
         <run_address>0x1304</run_address>
         <size>0x10</size>
         <input_file_ref idref="fl-13e"/>
      </object_component>
      <object_component id="oc-f6">
         <name>.text:ADCHardwareOversampleConfigure</name>
         <load_address>0x1314</load_address>
         <run_address>0x1314</run_address>
         <size>0xe</size>
         <input_file_ref idref="fl-13b"/>
      </object_component>
      <object_component id="oc-108">
         <name>.text:ADCSequenceEnable</name>
         <load_address>0x1322</load_address>
         <run_address>0x1322</run_address>
         <size>0xe</size>
         <input_file_ref idref="fl-13b"/>
      </object_component>
      <object_component id="oc-12">
         <name>.text:decompress:none</name>
         <load_address>0x1330</load_address>
         <run_address>0x1330</run_address>
         <size>0xe</size>
         <input_file_ref idref="fl-12d"/>
      </object_component>
      <object_component id="oc-1e">
         <name>.text:decompress:ZI</name>
         <load_address>0x133e</load_address>
         <run_address>0x133e</run_address>
         <size>0xc</size>
         <input_file_ref idref="fl-12f"/>
      </object_component>
      <object_component id="oc-1d3">
         <name>.text:ADCIntClear</name>
         <load_address>0x134a</load_address>
         <run_address>0x134a</run_address>
         <size>0xa</size>
         <input_file_ref idref="fl-13b"/>
      </object_component>
      <object_component id="oc-126">
         <name>.text:TimerIntEnable</name>
         <load_address>0x1354</load_address>
         <run_address>0x1354</run_address>
         <size>0x8</size>
         <input_file_ref idref="fl-140"/>
      </object_component>
      <object_component id="oc-15c">
         <name>.text:GPIOPinWrite</name>
         <load_address>0x135c</load_address>
         <run_address>0x135c</run_address>
         <size>0x6</size>
         <input_file_ref idref="fl-13c"/>
      </object_component>
      <object_component id="oc-2a">
         <name>.text:ResetISR</name>
         <load_address>0x1362</load_address>
         <run_address>0x1362</run_address>
         <size>0x6</size>
         <input_file_ref idref="fl-4"/>
      </object_component>
      <object_component id="oc-186">
         <name>.text:SysCtlDelay</name>
         <load_address>0x1368</load_address>
         <run_address>0x1368</run_address>
         <size>0x6</size>
         <input_file_ref idref="fl-13f"/>
      </object_component>
      <object_component id="oc-138">
         <name>.text:UARTClockSourceSet</name>
         <load_address>0x136e</load_address>
         <run_address>0x136e</run_address>
         <size>0x6</size>
         <input_file_ref idref="fl-141"/>
      </object_component>
      <object_component id="oc-18">
         <name>.text:decompress:rle24</name>
         <load_address>0x1374</load_address>
         <run_address>0x1374</run_address>
         <size>0x6</size>
         <input_file_ref idref="fl-12e"/>
      </object_component>
      <object_component id="oc-1cd">
         <name>.text:TimerIntClear</name>
         <load_address>0x137a</load_address>
         <run_address>0x137a</run_address>
         <size>0x4</size>
         <input_file_ref idref="fl-140"/>
      </object_component>
      <object_component id="oc-6a">
         <name>.text</name>
         <load_address>0x137e</load_address>
         <run_address>0x137e</run_address>
         <size>0x4</size>
         <input_file_ref idref="fl-133"/>
      </object_component>
      <object_component id="oc-226">
         <name>.text</name>
         <load_address>0x1382</load_address>
         <run_address>0x1382</run_address>
         <size>0x2</size>
         <input_file_ref idref="fl-13a"/>
      </object_component>
      <object_component id="oc-1ae">
         <name>.const:g_pui32GPIOBaseAddrs</name>
         <load_address>0x1384</load_address>
         <run_address>0x1384</run_address>
         <size>0x90</size>
         <input_file_ref idref="fl-13c"/>
      </object_component>
      <object_component id="oc-1a8">
         <name>.const</name>
         <load_address>0x1414</load_address>
         <run_address>0x1414</run_address>
         <size>0x70</size>
         <input_file_ref idref="fl-13d"/>
      </object_component>
      <object_component id="oc-18a">
         <name>.const:g_pui32Xtals</name>
         <load_address>0x1484</load_address>
         <run_address>0x1484</run_address>
         <size>0x6c</size>
         <input_file_ref idref="fl-13f"/>
      </object_component>
      <object_component id="oc-1b5">
         <name>.const</name>
         <load_address>0x14f0</load_address>
         <run_address>0x14f0</run_address>
         <size>0x1c</size>
         <input_file_ref idref="fl-5"/>
      </object_component>
      <object_component id="oc-20c">
         <name>.const:.string</name>
         <load_address>0x150c</load_address>
         <run_address>0x150c</run_address>
         <size>0x12</size>
         <input_file_ref idref="fl-5"/>
      </object_component>
      <object_component id="oc-251">
         <name>.cinit..data.load</name>
         <load_address>0x1520</load_address>
         <run_address>0x1520</run_address>
         <size>0xf</size>
      </object_component>
      <object_component id="oc-24f">
         <name>__TI_handler_table</name>
         <load_address>0x1530</load_address>
         <run_address>0x1530</run_address>
         <size>0xc</size>
      </object_component>
      <object_component id="oc-252">
         <name>.cinit..bss.load</name>
         <load_address>0x1540</load_address>
         <run_address>0x1540</run_address>
         <size>0x8</size>
      </object_component>
      <object_component id="oc-250">
         <name>__TI_cinit_table</name>
         <load_address>0x1548</load_address>
         <run_address>0x1548</run_address>
         <size>0x10</size>
      </object_component>
      <object_component id="oc-29">
         <name>.stack</name>
         <uninitialized>true</uninitialized>
         <run_address>0x20000000</run_address>
         <size>0x0</size>
         <input_file_ref idref="fl-12c"/>
      </object_component>
      <object_component id="oc-253">
         <name>.stack</name>
         <uninitialized>true</uninitialized>
         <run_address>0x20000000</run_address>
         <size>0x0</size>
      </object_component>
      <object_component id="oc-168">
         <name>.common:inputchar</name>
         <uninitialized>true</uninitialized>
         <run_address>0x20000228</run_address>
         <size>0x1</size>
      </object_component>
      <object_component id="oc-167">
         <name>.common:ui32Period</name>
         <uninitialized>true</uninitialized>
         <run_address>0x20000218</run_address>
         <size>0x4</size>
      </object_component>
      <object_component id="oc-1e5">
         <name>.common:ui32ADC0Value</name>
         <uninitialized>true</uninitialized>
         <run_address>0x20000200</run_address>
         <size>0x10</size>
      </object_component>
      <object_component id="oc-1e6">
         <name>.common:ui32TempAvg</name>
         <uninitialized>true</uninitialized>
         <run_address>0x2000021c</run_address>
         <size>0x4</size>
      </object_component>
      <object_component id="oc-1e7">
         <name>.common:ui32TempValueC</name>
         <uninitialized>true</uninitialized>
         <run_address>0x20000220</run_address>
         <size>0x4</size>
      </object_component>
      <object_component id="oc-1e9">
         <name>.common:ui32TempValueF</name>
         <uninitialized>true</uninitialized>
         <run_address>0x20000224</run_address>
         <size>0x4</size>
      </object_component>
      <object_component id="oc-166">
         <name>.common:ui32Load</name>
         <uninitialized>true</uninitialized>
         <run_address>0x20000210</run_address>
         <size>0x4</size>
      </object_component>
      <object_component id="oc-165">
         <name>.common:ui32PWMClock</name>
         <uninitialized>true</uninitialized>
         <run_address>0x20000214</run_address>
         <size>0x4</size>
      </object_component>
      <object_component id="oc-162">
         <name>.common:ui8Adjust</name>
         <uninitialized>true</uninitialized>
         <run_address>0x20000229</run_address>
         <size>0x1</size>
      </object_component>
      <object_component id="oc-1b8">
         <name>.data</name>
         <load_address>0x2000023c</load_address>
         <run_address>0x2000023c</run_address>
         <size>0x5</size>
         <input_file_ref idref="fl-5"/>
      </object_component>
      <object_component id="oc-bd">
         <name>.data</name>
         <load_address>0x20000234</load_address>
         <run_address>0x20000234</run_address>
         <size>0x8</size>
         <input_file_ref idref="fl-130"/>
      </object_component>
      <object_component id="oc-82">
         <name>.data</name>
         <load_address>0x20000244</load_address>
         <run_address>0x20000244</run_address>
         <size>0x4</size>
         <input_file_ref idref="fl-134"/>
      </object_component>
      <object_component id="oc-ba">
         <name>.data</name>
         <load_address>0x2000022c</load_address>
         <run_address>0x2000022c</run_address>
         <size>0x8</size>
         <input_file_ref idref="fl-136"/>
      </object_component>
      <object_component id="oc-163">
         <name>.debug_info</name>
         <load_address>0x0</load_address>
         <run_address>0x0</run_address>
         <size>0x7d6</size>
         <input_file_ref idref="fl-3"/>
      </object_component>
      <object_component id="oc-151">
         <name>.debug_info</name>
         <load_address>0x7d6</load_address>
         <run_address>0x7d6</run_address>
         <size>0x192</size>
         <input_file_ref idref="fl-3"/>
      </object_component>
      <object_component id="oc-157">
         <name>.debug_info</name>
         <load_address>0x968</load_address>
         <run_address>0x968</run_address>
         <size>0x192</size>
         <input_file_ref idref="fl-3"/>
      </object_component>
      <object_component id="oc-b3">
         <name>.debug_info</name>
         <load_address>0xafa</load_address>
         <run_address>0xafa</run_address>
         <size>0x4c3</size>
         <input_file_ref idref="fl-3"/>
      </object_component>
      <object_component id="oc-c5">
         <name>.debug_info</name>
         <load_address>0xfbd</load_address>
         <run_address>0xfbd</run_address>
         <size>0x8b</size>
         <input_file_ref idref="fl-3"/>
      </object_component>
      <object_component id="oc-91">
         <name>.debug_info</name>
         <load_address>0x1048</load_address>
         <run_address>0x1048</run_address>
         <size>0x18b</size>
         <input_file_ref idref="fl-3"/>
      </object_component>
      <object_component id="oc-a1">
         <name>.debug_info</name>
         <load_address>0x11d3</load_address>
         <run_address>0x11d3</run_address>
         <size>0x2c</size>
         <input_file_ref idref="fl-3"/>
      </object_component>
      <object_component id="oc-1c7">
         <name>.debug_info</name>
         <load_address>0x11ff</load_address>
         <run_address>0x11ff</run_address>
         <size>0x4e</size>
         <input_file_ref idref="fl-3"/>
      </object_component>
      <object_component id="oc-44">
         <name>.debug_info</name>
         <load_address>0x124d</load_address>
         <run_address>0x124d</run_address>
         <size>0xed</size>
         <input_file_ref idref="fl-4"/>
      </object_component>
      <object_component id="oc-10">
         <name>.debug_info</name>
         <load_address>0x133a</load_address>
         <run_address>0x133a</run_address>
         <size>0xd2</size>
         <input_file_ref idref="fl-4"/>
      </object_component>
      <object_component id="oc-2d">
         <name>.debug_info</name>
         <load_address>0x140c</load_address>
         <run_address>0x140c</run_address>
         <size>0x102</size>
         <input_file_ref idref="fl-4"/>
      </object_component>
      <object_component id="oc-33">
         <name>.debug_info</name>
         <load_address>0x150e</load_address>
         <run_address>0x150e</run_address>
         <size>0xf1</size>
         <input_file_ref idref="fl-4"/>
      </object_component>
      <object_component id="oc-3f">
         <name>.debug_info</name>
         <load_address>0x15ff</load_address>
         <run_address>0x15ff</run_address>
         <size>0x10b</size>
         <input_file_ref idref="fl-4"/>
      </object_component>
      <object_component id="oc-39">
         <name>.debug_info</name>
         <load_address>0x170a</load_address>
         <run_address>0x170a</run_address>
         <size>0xf9</size>
         <input_file_ref idref="fl-4"/>
      </object_component>
      <object_component id="oc-8c">
         <name>.debug_info</name>
         <load_address>0x1803</load_address>
         <run_address>0x1803</run_address>
         <size>0x84</size>
         <input_file_ref idref="fl-4"/>
      </object_component>
      <object_component id="oc-1bf">
         <name>.debug_info</name>
         <load_address>0x1887</load_address>
         <run_address>0x1887</run_address>
         <size>0xe4</size>
         <input_file_ref idref="fl-5"/>
      </object_component>
      <object_component id="oc-1bc">
         <name>.debug_info</name>
         <load_address>0x196b</load_address>
         <run_address>0x196b</run_address>
         <size>0xcb</size>
         <input_file_ref idref="fl-5"/>
      </object_component>
      <object_component id="oc-1b6">
         <name>.debug_info</name>
         <load_address>0x1a36</load_address>
         <run_address>0x1a36</run_address>
         <size>0x121</size>
         <input_file_ref idref="fl-5"/>
      </object_component>
      <object_component id="oc-216">
         <name>.debug_info</name>
         <load_address>0x1b57</load_address>
         <run_address>0x1b57</run_address>
         <size>0x178</size>
         <input_file_ref idref="fl-5"/>
      </object_component>
      <object_component id="oc-1c1">
         <name>.debug_info</name>
         <load_address>0x1ccf</load_address>
         <run_address>0x1ccf</run_address>
         <size>0x2aa</size>
         <input_file_ref idref="fl-5"/>
      </object_component>
      <object_component id="oc-145">
         <name>.debug_info</name>
         <load_address>0x1f79</load_address>
         <run_address>0x1f79</run_address>
         <size>0x145</size>
         <input_file_ref idref="fl-5"/>
      </object_component>
      <object_component id="oc-1b9">
         <name>.debug_info</name>
         <load_address>0x20be</load_address>
         <run_address>0x20be</run_address>
         <size>0x1c3</size>
         <input_file_ref idref="fl-5"/>
      </object_component>
      <object_component id="oc-14b">
         <name>.debug_info</name>
         <load_address>0x2281</load_address>
         <run_address>0x2281</run_address>
         <size>0x10a</size>
         <input_file_ref idref="fl-5"/>
      </object_component>
      <object_component id="oc-13f">
         <name>.debug_info</name>
         <load_address>0x238b</load_address>
         <run_address>0x238b</run_address>
         <size>0x1db</size>
         <input_file_ref idref="fl-5"/>
      </object_component>
      <object_component id="oc-26">
         <name>.debug_info</name>
         <load_address>0x2566</load_address>
         <run_address>0x2566</run_address>
         <size>0x134</size>
         <input_file_ref idref="fl-12c"/>
      </object_component>
      <object_component id="oc-50">
         <name>.debug_info</name>
         <load_address>0x269a</load_address>
         <run_address>0x269a</run_address>
         <size>0x121</size>
         <input_file_ref idref="fl-12d"/>
      </object_component>
      <object_component id="oc-13">
         <name>.debug_info</name>
         <load_address>0x27bb</load_address>
         <run_address>0x27bb</run_address>
         <size>0x1c0</size>
         <input_file_ref idref="fl-12d"/>
      </object_component>
      <object_component id="oc-4b">
         <name>.debug_info</name>
         <load_address>0x297b</load_address>
         <run_address>0x297b</run_address>
         <size>0x46</size>
         <input_file_ref idref="fl-12d"/>
      </object_component>
      <object_component id="oc-97">
         <name>.debug_info</name>
         <load_address>0x29c1</load_address>
         <run_address>0x29c1</run_address>
         <size>0x2c</size>
         <input_file_ref idref="fl-12d"/>
      </object_component>
      <object_component id="oc-58">
         <name>.debug_info</name>
         <load_address>0x29ed</load_address>
         <run_address>0x29ed</run_address>
         <size>0x115</size>
         <input_file_ref idref="fl-12e"/>
      </object_component>
      <object_component id="oc-55">
         <name>.debug_info</name>
         <load_address>0x2b02</load_address>
         <run_address>0x2b02</run_address>
         <size>0x228</size>
         <input_file_ref idref="fl-12e"/>
      </object_component>
      <object_component id="oc-1c">
         <name>.debug_info</name>
         <load_address>0x2d2a</load_address>
         <run_address>0x2d2a</run_address>
         <size>0x192</size>
         <input_file_ref idref="fl-12e"/>
      </object_component>
      <object_component id="oc-59">
         <name>.debug_info</name>
         <load_address>0x2ebc</load_address>
         <run_address>0x2ebc</run_address>
         <size>0x39</size>
         <input_file_ref idref="fl-12e"/>
      </object_component>
      <object_component id="oc-69">
         <name>.debug_info</name>
         <load_address>0x2ef5</load_address>
         <run_address>0x2ef5</run_address>
         <size>0x110</size>
         <input_file_ref idref="fl-12f"/>
      </object_component>
      <object_component id="oc-20">
         <name>.debug_info</name>
         <load_address>0x3005</load_address>
         <run_address>0x3005</run_address>
         <size>0x18b</size>
         <input_file_ref idref="fl-12f"/>
      </object_component>
      <object_component id="oc-64">
         <name>.debug_info</name>
         <load_address>0x3190</load_address>
         <run_address>0x3190</run_address>
         <size>0x46</size>
         <input_file_ref idref="fl-12f"/>
      </object_component>
      <object_component id="oc-c1">
         <name>.debug_info</name>
         <load_address>0x31d6</load_address>
         <run_address>0x31d6</run_address>
         <size>0x172</size>
         <input_file_ref idref="fl-130"/>
      </object_component>
      <object_component id="oc-be">
         <name>.debug_info</name>
         <load_address>0x3348</load_address>
         <run_address>0x3348</run_address>
         <size>0x117</size>
         <input_file_ref idref="fl-130"/>
      </object_component>
      <object_component id="oc-7f">
         <name>.debug_info</name>
         <load_address>0x345f</load_address>
         <run_address>0x345f</run_address>
         <size>0x1ee</size>
         <input_file_ref idref="fl-130"/>
      </object_component>
      <object_component id="oc-46">
         <name>.debug_info</name>
         <load_address>0x364d</load_address>
         <run_address>0x364d</run_address>
         <size>0xf6</size>
         <input_file_ref idref="fl-131"/>
      </object_component>
      <object_component id="oc-61">
         <name>.debug_info</name>
         <load_address>0x3743</load_address>
         <run_address>0x3743</run_address>
         <size>0x124</size>
         <input_file_ref idref="fl-132"/>
      </object_component>
      <object_component id="oc-6b">
         <name>.debug_info</name>
         <load_address>0x3867</load_address>
         <run_address>0x3867</run_address>
         <size>0x129</size>
         <input_file_ref idref="fl-133"/>
      </object_component>
      <object_component id="oc-83">
         <name>.debug_info</name>
         <load_address>0x3990</load_address>
         <run_address>0x3990</run_address>
         <size>0xea</size>
         <input_file_ref idref="fl-134"/>
      </object_component>
      <object_component id="oc-21c">
         <name>.debug_info</name>
         <load_address>0x3a7a</load_address>
         <run_address>0x3a7a</run_address>
         <size>0x11f</size>
         <input_file_ref idref="fl-135"/>
      </object_component>
      <object_component id="oc-179">
         <name>.debug_info</name>
         <load_address>0x3b99</load_address>
         <run_address>0x3b99</run_address>
         <size>0x105</size>
         <input_file_ref idref="fl-136"/>
      </object_component>
      <object_component id="oc-bb">
         <name>.debug_info</name>
         <load_address>0x3c9e</load_address>
         <run_address>0x3c9e</run_address>
         <size>0xf4</size>
         <input_file_ref idref="fl-136"/>
      </object_component>
      <object_component id="oc-175">
         <name>.debug_info</name>
         <load_address>0x3d92</load_address>
         <run_address>0x3d92</run_address>
         <size>0x200</size>
         <input_file_ref idref="fl-136"/>
      </object_component>
      <object_component id="oc-b9">
         <name>.debug_info</name>
         <load_address>0x3f92</load_address>
         <run_address>0x3f92</run_address>
         <size>0x147</size>
         <input_file_ref idref="fl-137"/>
      </object_component>
      <object_component id="oc-79">
         <name>.debug_info</name>
         <load_address>0x40d9</load_address>
         <run_address>0x40d9</run_address>
         <size>0x148</size>
         <input_file_ref idref="fl-137"/>
      </object_component>
      <object_component id="oc-16c">
         <name>.debug_info</name>
         <load_address>0x4221</load_address>
         <run_address>0x4221</run_address>
         <size>0x5e</size>
         <input_file_ref idref="fl-137"/>
      </object_component>
      <object_component id="oc-b1">
         <name>.debug_info</name>
         <load_address>0x427f</load_address>
         <run_address>0x427f</run_address>
         <size>0x29e</size>
         <input_file_ref idref="fl-138"/>
      </object_component>
      <object_component id="oc-72">
         <name>.debug_info</name>
         <load_address>0x451d</load_address>
         <run_address>0x451d</run_address>
         <size>0x158</size>
         <input_file_ref idref="fl-138"/>
      </object_component>
      <object_component id="oc-ce">
         <name>.debug_info</name>
         <load_address>0x4675</load_address>
         <run_address>0x4675</run_address>
         <size>0x39</size>
         <input_file_ref idref="fl-138"/>
      </object_component>
      <object_component id="oc-d3">
         <name>.debug_info</name>
         <load_address>0x46ae</load_address>
         <run_address>0x46ae</run_address>
         <size>0xcd</size>
         <input_file_ref idref="fl-138"/>
      </object_component>
      <object_component id="oc-cb">
         <name>.debug_info</name>
         <load_address>0x477b</load_address>
         <run_address>0x477b</run_address>
         <size>0x1c1</size>
         <input_file_ref idref="fl-139"/>
      </object_component>
      <object_component id="oc-ab">
         <name>.debug_info</name>
         <load_address>0x493c</load_address>
         <run_address>0x493c</run_address>
         <size>0x164</size>
         <input_file_ref idref="fl-139"/>
      </object_component>
      <object_component id="oc-181">
         <name>.debug_info</name>
         <load_address>0x4aa0</load_address>
         <run_address>0x4aa0</run_address>
         <size>0x2c</size>
         <input_file_ref idref="fl-139"/>
      </object_component>
      <object_component id="oc-227">
         <name>.debug_info</name>
         <load_address>0x4acc</load_address>
         <run_address>0x4acc</run_address>
         <size>0x128</size>
         <input_file_ref idref="fl-13a"/>
      </object_component>
      <object_component id="oc-192">
         <name>.debug_info</name>
         <load_address>0x4bf4</load_address>
         <run_address>0x4bf4</run_address>
         <size>0x24d</size>
         <input_file_ref idref="fl-13b"/>
      </object_component>
      <object_component id="oc-104">
         <name>.debug_info</name>
         <load_address>0x4e41</load_address>
         <run_address>0x4e41</run_address>
         <size>0x333</size>
         <input_file_ref idref="fl-13b"/>
      </object_component>
      <object_component id="oc-10a">
         <name>.debug_info</name>
         <load_address>0x5174</load_address>
         <run_address>0x5174</run_address>
         <size>0x2a0</size>
         <input_file_ref idref="fl-13b"/>
      </object_component>
      <object_component id="oc-1e1">
         <name>.debug_info</name>
         <load_address>0x5414</load_address>
         <run_address>0x5414</run_address>
         <size>0x2ff</size>
         <input_file_ref idref="fl-13b"/>
      </object_component>
      <object_component id="oc-fe">
         <name>.debug_info</name>
         <load_address>0x5713</load_address>
         <run_address>0x5713</run_address>
         <size>0x326</size>
         <input_file_ref idref="fl-13b"/>
      </object_component>
      <object_component id="oc-1db">
         <name>.debug_info</name>
         <load_address>0x5a39</load_address>
         <run_address>0x5a39</run_address>
         <size>0x2a4</size>
         <input_file_ref idref="fl-13b"/>
      </object_component>
      <object_component id="oc-1d4">
         <name>.debug_info</name>
         <load_address>0x5cdd</load_address>
         <run_address>0x5cdd</run_address>
         <size>0x294</size>
         <input_file_ref idref="fl-13b"/>
      </object_component>
      <object_component id="oc-f7">
         <name>.debug_info</name>
         <load_address>0x5f71</load_address>
         <run_address>0x5f71</run_address>
         <size>0x2c1</size>
         <input_file_ref idref="fl-13b"/>
      </object_component>
      <object_component id="oc-1a4">
         <name>.debug_info</name>
         <load_address>0x6232</load_address>
         <run_address>0x6232</run_address>
         <size>0x240</size>
         <input_file_ref idref="fl-13c"/>
      </object_component>
      <object_component id="oc-1af">
         <name>.debug_info</name>
         <load_address>0x6472</load_address>
         <run_address>0x6472</run_address>
         <size>0x15b</size>
         <input_file_ref idref="fl-13c"/>
      </object_component>
      <object_component id="oc-15d">
         <name>.debug_info</name>
         <load_address>0x65cd</load_address>
         <run_address>0x65cd</run_address>
         <size>0x2a3</size>
         <input_file_ref idref="fl-13c"/>
      </object_component>
      <object_component id="oc-19e">
         <name>.debug_info</name>
         <load_address>0x6870</load_address>
         <run_address>0x6870</run_address>
         <size>0x2b3</size>
         <input_file_ref idref="fl-13c"/>
      </object_component>
      <object_component id="oc-198">
         <name>.debug_info</name>
         <load_address>0x6b23</load_address>
         <run_address>0x6b23</run_address>
         <size>0x316</size>
         <input_file_ref idref="fl-13c"/>
      </object_component>
      <object_component id="oc-133">
         <name>.debug_info</name>
         <load_address>0x6e39</load_address>
         <run_address>0x6e39</run_address>
         <size>0x27b</size>
         <input_file_ref idref="fl-13c"/>
      </object_component>
      <object_component id="oc-10f">
         <name>.debug_info</name>
         <load_address>0x70b4</load_address>
         <run_address>0x70b4</run_address>
         <size>0x2b7</size>
         <input_file_ref idref="fl-13c"/>
      </object_component>
      <object_component id="oc-12d">
         <name>.debug_info</name>
         <load_address>0x736b</load_address>
         <run_address>0x736b</run_address>
         <size>0x280</size>
         <input_file_ref idref="fl-13c"/>
      </object_component>
      <object_component id="oc-1ac">
         <name>.debug_info</name>
         <load_address>0x75eb</load_address>
         <run_address>0x75eb</run_address>
         <size>0x20e</size>
         <input_file_ref idref="fl-13d"/>
      </object_component>
      <object_component id="oc-1a9">
         <name>.debug_info</name>
         <load_address>0x77f9</load_address>
         <run_address>0x77f9</run_address>
         <size>0x210</size>
         <input_file_ref idref="fl-13d"/>
      </object_component>
      <object_component id="oc-123">
         <name>.debug_info</name>
         <load_address>0x7a09</load_address>
         <run_address>0x7a09</run_address>
         <size>0x268</size>
         <input_file_ref idref="fl-13d"/>
      </object_component>
      <object_component id="oc-18f">
         <name>.debug_info</name>
         <load_address>0x7c71</load_address>
         <run_address>0x7c71</run_address>
         <size>0x1ed</size>
         <input_file_ref idref="fl-13e"/>
      </object_component>
      <object_component id="oc-f2">
         <name>.debug_info</name>
         <load_address>0x7e5e</load_address>
         <run_address>0x7e5e</run_address>
         <size>0x2b6</size>
         <input_file_ref idref="fl-13e"/>
      </object_component>
      <object_component id="oc-ec">
         <name>.debug_info</name>
         <load_address>0x8114</load_address>
         <run_address>0x8114</run_address>
         <size>0x2b3</size>
         <input_file_ref idref="fl-13e"/>
      </object_component>
      <object_component id="oc-188">
         <name>.debug_info</name>
         <load_address>0x83c7</load_address>
         <run_address>0x83c7</run_address>
         <size>0x298</size>
         <input_file_ref idref="fl-13f"/>
      </object_component>
      <object_component id="oc-18b">
         <name>.debug_info</name>
         <load_address>0x865f</load_address>
         <run_address>0x865f</run_address>
         <size>0x14d</size>
         <input_file_ref idref="fl-13f"/>
      </object_component>
      <object_component id="oc-df">
         <name>.debug_info</name>
         <load_address>0x87ac</load_address>
         <run_address>0x87ac</run_address>
         <size>0x27d</size>
         <input_file_ref idref="fl-13f"/>
      </object_component>
      <object_component id="oc-d9">
         <name>.debug_info</name>
         <load_address>0x8a29</load_address>
         <run_address>0x8a29</run_address>
         <size>0x2db</size>
         <input_file_ref idref="fl-13f"/>
      </object_component>
      <object_component id="oc-e5">
         <name>.debug_info</name>
         <load_address>0x8d04</load_address>
         <run_address>0x8d04</run_address>
         <size>0x2b5</size>
         <input_file_ref idref="fl-13f"/>
      </object_component>
      <object_component id="oc-1f3">
         <name>.debug_info</name>
         <load_address>0x8fb9</load_address>
         <run_address>0x8fb9</run_address>
         <size>0x5f</size>
         <input_file_ref idref="fl-13f"/>
      </object_component>
      <object_component id="oc-1a6">
         <name>.debug_info</name>
         <load_address>0x9018</load_address>
         <run_address>0x9018</run_address>
         <size>0x223</size>
         <input_file_ref idref="fl-140"/>
      </object_component>
      <object_component id="oc-11c">
         <name>.debug_info</name>
         <load_address>0x923b</load_address>
         <run_address>0x923b</run_address>
         <size>0x2ba</size>
         <input_file_ref idref="fl-140"/>
      </object_component>
      <object_component id="oc-128">
         <name>.debug_info</name>
         <load_address>0x94f5</load_address>
         <run_address>0x94f5</run_address>
         <size>0x294</size>
         <input_file_ref idref="fl-140"/>
      </object_component>
      <object_component id="oc-1cf">
         <name>.debug_info</name>
         <load_address>0x9789</load_address>
         <run_address>0x9789</run_address>
         <size>0x292</size>
         <input_file_ref idref="fl-140"/>
      </object_component>
      <object_component id="oc-116">
         <name>.debug_info</name>
         <load_address>0x9a1b</load_address>
         <run_address>0x9a1b</run_address>
         <size>0x28c</size>
         <input_file_ref idref="fl-140"/>
      </object_component>
      <object_component id="oc-1b4">
         <name>.debug_info</name>
         <load_address>0x9ca7</load_address>
         <run_address>0x9ca7</run_address>
         <size>0x227</size>
         <input_file_ref idref="fl-141"/>
      </object_component>
      <object_component id="oc-139">
         <name>.debug_info</name>
         <load_address>0x9ece</load_address>
         <run_address>0x9ece</run_address>
         <size>0x291</size>
         <input_file_ref idref="fl-141"/>
      </object_component>
      <object_component id="oc-254">
         <name>.debug_info</name>
         <load_address>0xa15f</load_address>
         <run_address>0xa15f</run_address>
         <size>0x99</size>
      </object_component>
      <object_component id="oc-1ed">
         <name>.debug_line</name>
         <load_address>0x0</load_address>
         <run_address>0x0</run_address>
         <size>0x1ec</size>
         <input_file_ref idref="fl-3"/>
      </object_component>
      <object_component id="oc-154">
         <name>.debug_line</name>
         <load_address>0x1ec</load_address>
         <run_address>0x1ec</run_address>
         <size>0x51</size>
         <input_file_ref idref="fl-3"/>
      </object_component>
      <object_component id="oc-15a">
         <name>.debug_line</name>
         <load_address>0x23d</load_address>
         <run_address>0x23d</run_address>
         <size>0x55</size>
         <input_file_ref idref="fl-3"/>
      </object_component>
      <object_component id="oc-b7">
         <name>.debug_line</name>
         <load_address>0x292</load_address>
         <run_address>0x292</run_address>
         <size>0x16b</size>
         <input_file_ref idref="fl-3"/>
      </object_component>
      <object_component id="oc-c8">
         <name>.debug_line</name>
         <load_address>0x3fd</load_address>
         <run_address>0x3fd</run_address>
         <size>0x20</size>
         <input_file_ref idref="fl-3"/>
      </object_component>
      <object_component id="oc-94">
         <name>.debug_line</name>
         <load_address>0x41d</load_address>
         <run_address>0x41d</run_address>
         <size>0x63</size>
         <input_file_ref idref="fl-3"/>
      </object_component>
      <object_component id="oc-a4">
         <name>.debug_line</name>
         <load_address>0x480</load_address>
         <run_address>0x480</run_address>
         <size>0x63</size>
         <input_file_ref idref="fl-3"/>
      </object_component>
      <object_component id="oc-1ca">
         <name>.debug_line</name>
         <load_address>0x4e3</load_address>
         <run_address>0x4e3</run_address>
         <size>0x63</size>
         <input_file_ref idref="fl-3"/>
      </object_component>
      <object_component id="oc-8b">
         <name>.debug_line</name>
         <load_address>0x546</load_address>
         <run_address>0x546</run_address>
         <size>0x34</size>
         <input_file_ref idref="fl-4"/>
      </object_component>
      <object_component id="oc-43">
         <name>.debug_line</name>
         <load_address>0x57a</load_address>
         <run_address>0x57a</run_address>
         <size>0x34</size>
         <input_file_ref idref="fl-4"/>
      </object_component>
      <object_component id="oc-2c">
         <name>.debug_line</name>
         <load_address>0x5ae</load_address>
         <run_address>0x5ae</run_address>
         <size>0x46</size>
         <input_file_ref idref="fl-4"/>
      </object_component>
      <object_component id="oc-31">
         <name>.debug_line</name>
         <load_address>0x5f4</load_address>
         <run_address>0x5f4</run_address>
         <size>0x49</size>
         <input_file_ref idref="fl-4"/>
      </object_component>
      <object_component id="oc-3e">
         <name>.debug_line</name>
         <load_address>0x63d</load_address>
         <run_address>0x63d</run_address>
         <size>0x49</size>
         <input_file_ref idref="fl-4"/>
      </object_component>
      <object_component id="oc-37">
         <name>.debug_line</name>
         <load_address>0x686</load_address>
         <run_address>0x686</run_address>
         <size>0x49</size>
         <input_file_ref idref="fl-4"/>
      </object_component>
      <object_component id="oc-8f">
         <name>.debug_line</name>
         <load_address>0x6cf</load_address>
         <run_address>0x6cf</run_address>
         <size>0x20</size>
         <input_file_ref idref="fl-4"/>
      </object_component>
      <object_component id="oc-214">
         <name>.debug_line</name>
         <load_address>0x6ef</load_address>
         <run_address>0x6ef</run_address>
         <size>0x20</size>
         <input_file_ref idref="fl-5"/>
      </object_component>
      <object_component id="oc-212">
         <name>.debug_line</name>
         <load_address>0x70f</load_address>
         <run_address>0x70f</run_address>
         <size>0x32</size>
         <input_file_ref idref="fl-5"/>
      </object_component>
      <object_component id="oc-20e">
         <name>.debug_line</name>
         <load_address>0x741</load_address>
         <run_address>0x741</run_address>
         <size>0x32</size>
         <input_file_ref idref="fl-5"/>
      </object_component>
      <object_component id="oc-219">
         <name>.debug_line</name>
         <load_address>0x773</load_address>
         <run_address>0x773</run_address>
         <size>0x62</size>
         <input_file_ref idref="fl-5"/>
      </object_component>
      <object_component id="oc-1c4">
         <name>.debug_line</name>
         <load_address>0x7d5</load_address>
         <run_address>0x7d5</run_address>
         <size>0x167</size>
         <input_file_ref idref="fl-5"/>
      </object_component>
      <object_component id="oc-148">
         <name>.debug_line</name>
         <load_address>0x93c</load_address>
         <run_address>0x93c</run_address>
         <size>0x49</size>
         <input_file_ref idref="fl-5"/>
      </object_component>
      <object_component id="oc-210">
         <name>.debug_line</name>
         <load_address>0x985</load_address>
         <run_address>0x985</run_address>
         <size>0x8d</size>
         <input_file_ref idref="fl-5"/>
      </object_component>
      <object_component id="oc-14e">
         <name>.debug_line</name>
         <load_address>0xa12</load_address>
         <run_address>0xa12</run_address>
         <size>0x47</size>
         <input_file_ref idref="fl-5"/>
      </object_component>
      <object_component id="oc-142">
         <name>.debug_line</name>
         <load_address>0xa59</load_address>
         <run_address>0xa59</run_address>
         <size>0x53</size>
         <input_file_ref idref="fl-5"/>
      </object_component>
      <object_component id="oc-28">
         <name>.debug_line</name>
         <load_address>0xaac</load_address>
         <run_address>0xaac</run_address>
         <size>0x52</size>
         <input_file_ref idref="fl-12c"/>
      </object_component>
      <object_component id="oc-9d">
         <name>.debug_line</name>
         <load_address>0xafe</load_address>
         <run_address>0xafe</run_address>
         <size>0x80</size>
         <input_file_ref idref="fl-12d"/>
      </object_component>
      <object_component id="oc-16">
         <name>.debug_line</name>
         <load_address>0xb7e</load_address>
         <run_address>0xb7e</run_address>
         <size>0x55</size>
         <input_file_ref idref="fl-12d"/>
      </object_component>
      <object_component id="oc-4e">
         <name>.debug_line</name>
         <load_address>0xbd3</load_address>
         <run_address>0xbd3</run_address>
         <size>0x3a</size>
         <input_file_ref idref="fl-12d"/>
      </object_component>
      <object_component id="oc-9a">
         <name>.debug_line</name>
         <load_address>0xc0d</load_address>
         <run_address>0xc0d</run_address>
         <size>0x80</size>
         <input_file_ref idref="fl-12d"/>
      </object_component>
      <object_component id="oc-a0">
         <name>.debug_line</name>
         <load_address>0xc8d</load_address>
         <run_address>0xc8d</run_address>
         <size>0x80</size>
         <input_file_ref idref="fl-12e"/>
      </object_component>
      <object_component id="oc-54">
         <name>.debug_line</name>
         <load_address>0xd0d</load_address>
         <run_address>0xd0d</run_address>
         <size>0x98</size>
         <input_file_ref idref="fl-12e"/>
      </object_component>
      <object_component id="oc-1b">
         <name>.debug_line</name>
         <load_address>0xda5</load_address>
         <run_address>0xda5</run_address>
         <size>0x4b</size>
         <input_file_ref idref="fl-12e"/>
      </object_component>
      <object_component id="oc-5c">
         <name>.debug_line</name>
         <load_address>0xdf0</load_address>
         <run_address>0xdf0</run_address>
         <size>0x39</size>
         <input_file_ref idref="fl-12e"/>
      </object_component>
      <object_component id="oc-a8">
         <name>.debug_line</name>
         <load_address>0xe29</load_address>
         <run_address>0xe29</run_address>
         <size>0x80</size>
         <input_file_ref idref="fl-12f"/>
      </object_component>
      <object_component id="oc-23">
         <name>.debug_line</name>
         <load_address>0xea9</load_address>
         <run_address>0xea9</run_address>
         <size>0x4f</size>
         <input_file_ref idref="fl-12f"/>
      </object_component>
      <object_component id="oc-67">
         <name>.debug_line</name>
         <load_address>0xef8</load_address>
         <run_address>0xef8</run_address>
         <size>0x34</size>
         <input_file_ref idref="fl-12f"/>
      </object_component>
      <object_component id="oc-17e">
         <name>.debug_line</name>
         <load_address>0xf2c</load_address>
         <run_address>0xf2c</run_address>
         <size>0x7f</size>
         <input_file_ref idref="fl-130"/>
      </object_component>
      <object_component id="oc-17c">
         <name>.debug_line</name>
         <load_address>0xfab</load_address>
         <run_address>0xfab</run_address>
         <size>0x2a</size>
         <input_file_ref idref="fl-130"/>
      </object_component>
      <object_component id="oc-81">
         <name>.debug_line</name>
         <load_address>0xfd5</load_address>
         <run_address>0xfd5</run_address>
         <size>0x7a</size>
         <input_file_ref idref="fl-130"/>
      </object_component>
      <object_component id="oc-49">
         <name>.debug_line</name>
         <load_address>0x104f</load_address>
         <run_address>0x104f</run_address>
         <size>0x88</size>
         <input_file_ref idref="fl-131"/>
      </object_component>
      <object_component id="oc-5f">
         <name>.debug_line</name>
         <load_address>0x10d7</load_address>
         <run_address>0x10d7</run_address>
         <size>0x79</size>
         <input_file_ref idref="fl-132"/>
      </object_component>
      <object_component id="oc-6f">
         <name>.debug_line</name>
         <load_address>0x1150</load_address>
         <run_address>0x1150</run_address>
         <size>0x40</size>
         <input_file_ref idref="fl-133"/>
      </object_component>
      <object_component id="oc-c4">
         <name>.debug_line</name>
         <load_address>0x1190</load_address>
         <run_address>0x1190</run_address>
         <size>0x33</size>
         <input_file_ref idref="fl-134"/>
      </object_component>
      <object_component id="oc-21f">
         <name>.debug_line</name>
         <load_address>0x11c3</load_address>
         <run_address>0x11c3</run_address>
         <size>0x5b</size>
         <input_file_ref idref="fl-135"/>
      </object_component>
      <object_component id="oc-1f0">
         <name>.debug_line</name>
         <load_address>0x121e</load_address>
         <run_address>0x121e</run_address>
         <size>0x20</size>
         <input_file_ref idref="fl-136"/>
      </object_component>
      <object_component id="oc-178">
         <name>.debug_line</name>
         <load_address>0x123e</load_address>
         <run_address>0x123e</run_address>
         <size>0x2b</size>
         <input_file_ref idref="fl-136"/>
      </object_component>
      <object_component id="oc-174">
         <name>.debug_line</name>
         <load_address>0x1269</load_address>
         <run_address>0x1269</run_address>
         <size>0x68</size>
         <input_file_ref idref="fl-136"/>
      </object_component>
      <object_component id="oc-16b">
         <name>.debug_line</name>
         <load_address>0x12d1</load_address>
         <run_address>0x12d1</run_address>
         <size>0x2b</size>
         <input_file_ref idref="fl-137"/>
      </object_component>
      <object_component id="oc-77">
         <name>.debug_line</name>
         <load_address>0x12fc</load_address>
         <run_address>0x12fc</run_address>
         <size>0x50</size>
         <input_file_ref idref="fl-137"/>
      </object_component>
      <object_component id="oc-16f">
         <name>.debug_line</name>
         <load_address>0x134c</load_address>
         <run_address>0x134c</run_address>
         <size>0x2b</size>
         <input_file_ref idref="fl-137"/>
      </object_component>
      <object_component id="oc-cd">
         <name>.debug_line</name>
         <load_address>0x1377</load_address>
         <run_address>0x1377</run_address>
         <size>0x8f</size>
         <input_file_ref idref="fl-138"/>
      </object_component>
      <object_component id="oc-71">
         <name>.debug_line</name>
         <load_address>0x1406</load_address>
         <run_address>0x1406</run_address>
         <size>0x79</size>
         <input_file_ref idref="fl-138"/>
      </object_component>
      <object_component id="oc-d1">
         <name>.debug_line</name>
         <load_address>0x147f</load_address>
         <run_address>0x147f</run_address>
         <size>0x2e</size>
         <input_file_ref idref="fl-138"/>
      </object_component>
      <object_component id="oc-d6">
         <name>.debug_line</name>
         <load_address>0x14ad</load_address>
         <run_address>0x14ad</run_address>
         <size>0x81</size>
         <input_file_ref idref="fl-138"/>
      </object_component>
      <object_component id="oc-180">
         <name>.debug_line</name>
         <load_address>0x152e</load_address>
         <run_address>0x152e</run_address>
         <size>0x8e</size>
         <input_file_ref idref="fl-139"/>
      </object_component>
      <object_component id="oc-af">
         <name>.debug_line</name>
         <load_address>0x15bc</load_address>
         <run_address>0x15bc</run_address>
         <size>0x68</size>
         <input_file_ref idref="fl-139"/>
      </object_component>
      <object_component id="oc-184">
         <name>.debug_line</name>
         <load_address>0x1624</load_address>
         <run_address>0x1624</run_address>
         <size>0x2e</size>
         <input_file_ref idref="fl-139"/>
      </object_component>
      <object_component id="oc-22a">
         <name>.debug_line</name>
         <load_address>0x1652</load_address>
         <run_address>0x1652</run_address>
         <size>0x3b</size>
         <input_file_ref idref="fl-13a"/>
      </object_component>
      <object_component id="oc-1fd">
         <name>.debug_line</name>
         <load_address>0x168d</load_address>
         <run_address>0x168d</run_address>
         <size>0xde</size>
         <input_file_ref idref="fl-13b"/>
      </object_component>
      <object_component id="oc-103">
         <name>.debug_line</name>
         <load_address>0x176b</load_address>
         <run_address>0x176b</run_address>
         <size>0xa7</size>
         <input_file_ref idref="fl-13b"/>
      </object_component>
      <object_component id="oc-109">
         <name>.debug_line</name>
         <load_address>0x1812</load_address>
         <run_address>0x1812</run_address>
         <size>0x91</size>
         <input_file_ref idref="fl-13b"/>
      </object_component>
      <object_component id="oc-1e0">
         <name>.debug_line</name>
         <load_address>0x18a3</load_address>
         <run_address>0x18a3</run_address>
         <size>0x9c</size>
         <input_file_ref idref="fl-13b"/>
      </object_component>
      <object_component id="oc-fd">
         <name>.debug_line</name>
         <load_address>0x193f</load_address>
         <run_address>0x193f</run_address>
         <size>0xa4</size>
         <input_file_ref idref="fl-13b"/>
      </object_component>
      <object_component id="oc-1da">
         <name>.debug_line</name>
         <load_address>0x19e3</load_address>
         <run_address>0x19e3</run_address>
         <size>0x91</size>
         <input_file_ref idref="fl-13b"/>
      </object_component>
      <object_component id="oc-1d7">
         <name>.debug_line</name>
         <load_address>0x1a74</load_address>
         <run_address>0x1a74</run_address>
         <size>0x91</size>
         <input_file_ref idref="fl-13b"/>
      </object_component>
      <object_component id="oc-fa">
         <name>.debug_line</name>
         <load_address>0x1b05</load_address>
         <run_address>0x1b05</run_address>
         <size>0x9b</size>
         <input_file_ref idref="fl-13b"/>
      </object_component>
      <object_component id="oc-201">
         <name>.debug_line</name>
         <load_address>0x1ba0</load_address>
         <run_address>0x1ba0</run_address>
         <size>0x82</size>
         <input_file_ref idref="fl-13c"/>
      </object_component>
      <object_component id="oc-209">
         <name>.debug_line</name>
         <load_address>0x1c22</load_address>
         <run_address>0x1c22</run_address>
         <size>0x7d</size>
         <input_file_ref idref="fl-13c"/>
      </object_component>
      <object_component id="oc-160">
         <name>.debug_line</name>
         <load_address>0x1c9f</load_address>
         <run_address>0x1c9f</run_address>
         <size>0x92</size>
         <input_file_ref idref="fl-13c"/>
      </object_component>
      <object_component id="oc-1a1">
         <name>.debug_line</name>
         <load_address>0x1d31</load_address>
         <run_address>0x1d31</run_address>
         <size>0x95</size>
         <input_file_ref idref="fl-13c"/>
      </object_component>
      <object_component id="oc-19b">
         <name>.debug_line</name>
         <load_address>0x1dc6</load_address>
         <run_address>0x1dc6</run_address>
         <size>0xd1</size>
         <input_file_ref idref="fl-13c"/>
      </object_component>
      <object_component id="oc-136">
         <name>.debug_line</name>
         <load_address>0x1e97</load_address>
         <run_address>0x1e97</run_address>
         <size>0x93</size>
         <input_file_ref idref="fl-13c"/>
      </object_component>
      <object_component id="oc-112">
         <name>.debug_line</name>
         <load_address>0x1f2a</load_address>
         <run_address>0x1f2a</run_address>
         <size>0x99</size>
         <input_file_ref idref="fl-13c"/>
      </object_component>
      <object_component id="oc-130">
         <name>.debug_line</name>
         <load_address>0x1fc3</load_address>
         <run_address>0x1fc3</run_address>
         <size>0xa7</size>
         <input_file_ref idref="fl-13c"/>
      </object_component>
      <object_component id="oc-207">
         <name>.debug_line</name>
         <load_address>0x206a</load_address>
         <run_address>0x206a</run_address>
         <size>0x7c</size>
         <input_file_ref idref="fl-13d"/>
      </object_component>
      <object_component id="oc-205">
         <name>.debug_line</name>
         <load_address>0x20e6</load_address>
         <run_address>0x20e6</run_address>
         <size>0x82</size>
         <input_file_ref idref="fl-13d"/>
      </object_component>
      <object_component id="oc-122">
         <name>.debug_line</name>
         <load_address>0x2168</load_address>
         <run_address>0x2168</run_address>
         <size>0xc2</size>
         <input_file_ref idref="fl-13d"/>
      </object_component>
      <object_component id="oc-1fb">
         <name>.debug_line</name>
         <load_address>0x222a</load_address>
         <run_address>0x222a</run_address>
         <size>0x82</size>
         <input_file_ref idref="fl-13e"/>
      </object_component>
      <object_component id="oc-f4">
         <name>.debug_line</name>
         <load_address>0x22ac</load_address>
         <run_address>0x22ac</run_address>
         <size>0x96</size>
         <input_file_ref idref="fl-13e"/>
      </object_component>
      <object_component id="oc-ee">
         <name>.debug_line</name>
         <load_address>0x2342</load_address>
         <run_address>0x2342</run_address>
         <size>0x9b</size>
         <input_file_ref idref="fl-13e"/>
      </object_component>
      <object_component id="oc-1f2">
         <name>.debug_line</name>
         <load_address>0x23dd</load_address>
         <run_address>0x23dd</run_address>
         <size>0x13d</size>
         <input_file_ref idref="fl-13f"/>
      </object_component>
      <object_component id="oc-1f9">
         <name>.debug_line</name>
         <load_address>0x251a</load_address>
         <run_address>0x251a</run_address>
         <size>0x7f</size>
         <input_file_ref idref="fl-13f"/>
      </object_component>
      <object_component id="oc-e2">
         <name>.debug_line</name>
         <load_address>0x2599</load_address>
         <run_address>0x2599</run_address>
         <size>0x94</size>
         <input_file_ref idref="fl-13f"/>
      </object_component>
      <object_component id="oc-dc">
         <name>.debug_line</name>
         <load_address>0x262d</load_address>
         <run_address>0x262d</run_address>
         <size>0xee</size>
         <input_file_ref idref="fl-13f"/>
      </object_component>
      <object_component id="oc-e8">
         <name>.debug_line</name>
         <load_address>0x271b</load_address>
         <run_address>0x271b</run_address>
         <size>0x11a</size>
         <input_file_ref idref="fl-13f"/>
      </object_component>
      <object_component id="oc-1f6">
         <name>.debug_line</name>
         <load_address>0x2835</load_address>
         <run_address>0x2835</run_address>
         <size>0x7f</size>
         <input_file_ref idref="fl-13f"/>
      </object_component>
      <object_component id="oc-203">
         <name>.debug_line</name>
         <load_address>0x28b4</load_address>
         <run_address>0x28b4</run_address>
         <size>0x82</size>
         <input_file_ref idref="fl-140"/>
      </object_component>
      <object_component id="oc-11f">
         <name>.debug_line</name>
         <load_address>0x2936</load_address>
         <run_address>0x2936</run_address>
         <size>0x9c</size>
         <input_file_ref idref="fl-140"/>
      </object_component>
      <object_component id="oc-12b">
         <name>.debug_line</name>
         <load_address>0x29d2</load_address>
         <run_address>0x29d2</run_address>
         <size>0x93</size>
         <input_file_ref idref="fl-140"/>
      </object_component>
      <object_component id="oc-1d2">
         <name>.debug_line</name>
         <load_address>0x2a65</load_address>
         <run_address>0x2a65</run_address>
         <size>0x93</size>
         <input_file_ref idref="fl-140"/>
      </object_component>
      <object_component id="oc-119">
         <name>.debug_line</name>
         <load_address>0x2af8</load_address>
         <run_address>0x2af8</run_address>
         <size>0xb7</size>
         <input_file_ref idref="fl-140"/>
      </object_component>
      <object_component id="oc-20b">
         <name>.debug_line</name>
         <load_address>0x2baf</load_address>
         <run_address>0x2baf</run_address>
         <size>0x82</size>
         <input_file_ref idref="fl-141"/>
      </object_component>
      <object_component id="oc-13c">
         <name>.debug_line</name>
         <load_address>0x2c31</load_address>
         <run_address>0x2c31</run_address>
         <size>0x92</size>
         <input_file_ref idref="fl-141"/>
      </object_component>
      <object_component id="oc-155">
         <name>.debug_frame</name>
         <load_address>0x0</load_address>
         <run_address>0x0</run_address>
         <size>0x8a</size>
         <input_file_ref idref="fl-3"/>
      </object_component>
      <object_component id="oc-15b">
         <name>.debug_frame</name>
         <load_address>0x8a</load_address>
         <run_address>0x8a</run_address>
         <size>0x8a</size>
         <input_file_ref idref="fl-3"/>
      </object_component>
      <object_component id="oc-b6">
         <name>.debug_frame</name>
         <load_address>0x114</load_address>
         <run_address>0x114</run_address>
         <size>0x93</size>
         <input_file_ref idref="fl-3"/>
      </object_component>
      <object_component id="oc-2b">
         <name>.debug_frame</name>
         <load_address>0x1a7</load_address>
         <run_address>0x1a7</run_address>
         <size>0x7f</size>
         <input_file_ref idref="fl-4"/>
      </object_component>
      <object_component id="oc-32">
         <name>.debug_frame</name>
         <load_address>0x226</load_address>
         <run_address>0x226</run_address>
         <size>0x7f</size>
         <input_file_ref idref="fl-4"/>
      </object_component>
      <object_component id="oc-3d">
         <name>.debug_frame</name>
         <load_address>0x2a5</load_address>
         <run_address>0x2a5</run_address>
         <size>0x7f</size>
         <input_file_ref idref="fl-4"/>
      </object_component>
      <object_component id="oc-38">
         <name>.debug_frame</name>
         <load_address>0x324</load_address>
         <run_address>0x324</run_address>
         <size>0x7f</size>
         <input_file_ref idref="fl-4"/>
      </object_component>
      <object_component id="oc-21a">
         <name>.debug_frame</name>
         <load_address>0x3a3</load_address>
         <run_address>0x3a3</run_address>
         <size>0x8e</size>
         <input_file_ref idref="fl-5"/>
      </object_component>
      <object_component id="oc-1c5">
         <name>.debug_frame</name>
         <load_address>0x431</load_address>
         <run_address>0x431</run_address>
         <size>0x99</size>
         <input_file_ref idref="fl-5"/>
      </object_component>
      <object_component id="oc-149">
         <name>.debug_frame</name>
         <load_address>0x4ca</load_address>
         <run_address>0x4ca</run_address>
         <size>0x99</size>
         <input_file_ref idref="fl-5"/>
      </object_component>
      <object_component id="oc-14f">
         <name>.debug_frame</name>
         <load_address>0x563</load_address>
         <run_address>0x563</run_address>
         <size>0x86</size>
         <input_file_ref idref="fl-5"/>
      </object_component>
      <object_component id="oc-143">
         <name>.debug_frame</name>
         <load_address>0x5e9</load_address>
         <run_address>0x5e9</run_address>
         <size>0x8e</size>
         <input_file_ref idref="fl-5"/>
      </object_component>
      <object_component id="oc-17">
         <name>.debug_frame</name>
         <load_address>0x677</load_address>
         <run_address>0x677</run_address>
         <size>0x7f</size>
         <input_file_ref idref="fl-12d"/>
      </object_component>
      <object_component id="oc-53">
         <name>.debug_frame</name>
         <load_address>0x6f6</load_address>
         <run_address>0x6f6</run_address>
         <size>0x8e</size>
         <input_file_ref idref="fl-12e"/>
      </object_component>
      <object_component id="oc-1a">
         <name>.debug_frame</name>
         <load_address>0x784</load_address>
         <run_address>0x784</run_address>
         <size>0x7f</size>
         <input_file_ref idref="fl-12e"/>
      </object_component>
      <object_component id="oc-1f">
         <name>.debug_frame</name>
         <load_address>0x803</load_address>
         <run_address>0x803</run_address>
         <size>0x7f</size>
         <input_file_ref idref="fl-12f"/>
      </object_component>
      <object_component id="oc-7e">
         <name>.debug_frame</name>
         <load_address>0x882</load_address>
         <run_address>0x882</run_address>
         <size>0xb3</size>
         <input_file_ref idref="fl-130"/>
      </object_component>
      <object_component id="oc-6e">
         <name>.debug_frame</name>
         <load_address>0x935</load_address>
         <run_address>0x935</run_address>
         <size>0x7f</size>
         <input_file_ref idref="fl-133"/>
      </object_component>
      <object_component id="oc-172">
         <name>.debug_frame</name>
         <load_address>0x9b4</load_address>
         <run_address>0x9b4</run_address>
         <size>0xa1</size>
[...]
            <object_component_ref idref="oc-118"/>
            <object_component_ref idref="oc-13b"/>
         </contents>
      </logical_group>
      <logical_group id="lg-24d" display="never" color="cyan">
         <name>.debug_pubtypes</name>
         <load_address>0x0</load_address>
         <run_address>0x0</run_address>
         <size>0x605</size>
         <contents>
            <object_component_ref idref="oc-c6"/>
            <object_component_ref idref="oc-92"/>
            <object_component_ref idref="oc-a2"/>
            <object_component_ref idref="oc-1c8"/>
            <object_component_ref idref="oc-8d"/>
            <object_component_ref idref="oc-4c"/>
            <object_component_ref idref="oc-98"/>
            <object_component_ref idref="oc-5a"/>
            <object_component_ref idref="oc-65"/>
            <object_component_ref idref="oc-c2"/>
            <object_component_ref idref="oc-17a"/>
            <object_component_ref idref="oc-16d"/>
            <object_component_ref idref="oc-cf"/>
            <object_component_ref idref="oc-d4"/>
            <object_component_ref idref="oc-182"/>
            <object_component_ref idref="oc-1f4"/>
         </contents>
      </logical_group>
      <load_segment id="lg-258" display="no" color="cyan">
         <name>SEGMENT_0</name>
         <load_address>0x0</load_address>
         <run_address>0x0</run_address>
         <size>0x1558</size>
         <flags>0x5</flags>
         <contents>
            <logical_group_ref idref="lg-3"/>
            <logical_group_ref idref="lg-4"/>
            <logical_group_ref idref="lg-5"/>
            <logical_group_ref idref="lg-6"/>
         </contents>
      </load_segment>
      <load_segment id="lg-259" display="no" color="cyan">
         <name>SEGMENT_1</name>
         <run_address>0x20000000</run_address>
         <size>0x248</size>
         <flags>0x6</flags>
         <contents>
            <logical_group_ref idref="lg-d"/>
            <logical_group_ref idref="lg-b"/>
            <logical_group_ref idref="lg-a"/>
         </contents>
      </load_segment>
   </logical_group_list>
   <placement_map>
      <memory_area display="yes" color="green">
         <name>FLASH</name>
         <page_id>0x0</page_id>
         <origin>0x0</origin>
         <length>0x40000</length>
         <used_space>0x1556</used_space>
         <unused_space>0x3eaaa</unused_space>
         <attributes>RX</attributes>
         <usage_details>
            <allocated_space>
               <start_address>0x0</start_address>
               <size>0x26c</size>
               <logical_group_ref idref="lg-3"/>
            </allocated_space>
            <allocated_space>
               <start_address>0x26c</start_address>
               <size>0x1118</size>
               <logical_group_ref idref="lg-4"/>
            </allocated_space>
            <allocated_space>
               <start_address>0x1384</start_address>
               <size>0x19a</size>
               <logical_group_ref idref="lg-5"/>
            </allocated_space>
            <available_space>
               <start_address>0x151e</start_address>
               <size>0x2</size>
            </available_space>
            <allocated_space>
               <start_address>0x1520</start_address>
               <size>0x38</size>
               <logical_group_ref idref="lg-6"/>
            </allocated_space>
            <available_space>
               <start_address>0x1558</start_address>
               <size>0x3eaa8</size>
            </available_space>
         </usage_details>
      </memory_area>
      <memory_area display="yes" color="green">
         <name>SRAM</name>
         <page_id>0x0</page_id>
         <origin>0x20000000</origin>
         <length>0x8000</length>
         <used_space>0x246</used_space>
         <unused_space>0x7dba</unused_space>
         <attributes>RWX</attributes>
         <usage_details>
            <allocated_space>
               <start_address>0x20000000</start_address>
               <size>0x200</size>
               <logical_group_ref idref="lg-d"/>
            </allocated_space>
            <allocated_space>
               <start_address>0x20000200</start_address>
               <size>0x2a</size>
               <logical_group_ref idref="lg-22e"/>
            </allocated_space>
            <available_space>
               <start_address>0x2000022a</start_address>
               <size>0x2</size>
            </available_space>
            <allocated_space>
               <start_address>0x2000022c</start_address>
               <size>0x1c</size>
               <logical_group_ref idref="lg-230"/>
            </allocated_space>
            <available_space>
               <start_address>0x20000248</start_address>
               <size>0x7db8</size>
            </available_space>
         </usage_details>
      </memory_area>
   </placement_map>
   <cptbl_list>
      <cptbl>
         <name>__TI_cinit_table</name>
         <cprec>
            <name>.data</name>
            <load_address>0x1520</load_address>
            <load_size>0xf</load_size>
            <run_address>0x2000022c</run_address>
            <run_size>0x1c</run_size>
            <compression>rle</compression>
         </cprec>
         <cprec>
            <name>.bss</name>
            <load_address>0x1540</load_address>
            <load_size>0x8</load_size>
            <run_address>0x20000200</run_address>
            <run_size>0x2a</run_size>
            <compression>zero_init</compression>
         </cprec>
      </cptbl>
   </cptbl_list>
   <handler_table>
      <handler_table_name>__TI_handler_table</handler_table_name>
      <handler>
         <index>0x0</index>
         <name>__TI_decompress_rle24</name>
      </handler>
      <handler>
         <index>0x1</index>
         <name>__TI_decompress_none</name>
      </handler>
      <handler>
         <index>0x2</index>
         <name>__TI_zero_init</name>
      </handler>
   </handler_table>
   <symbol_table>
      <symbol id="sm-1">
         <name>__STACK_TOP</name>
         <value>0x20000200</value>
      </symbol>
      <symbol id="sm-2">
         <name>__TI_CINIT_Base</name>
         <value>0x1548</value>
      </symbol>
      <symbol id="sm-3">
         <name>__TI_CINIT_Limit</name>
         <value>0x1558</value>
      </symbol>
      <symbol id="sm-4">
         <name>__TI_Handler_Table_Base</name>
         <value>0x1530</value>
      </symbol>
      <symbol id="sm-5">
         <name>__TI_Handler_Table_Limit</name>
         <value>0x153c</value>
      </symbol>
      <symbol id="sm-6">
         <name>binit</name>
         <value>0xffffffff</value>
      </symbol>
      <symbol id="sm-7">
         <name>__binit__</name>
         <value>0xffffffff</value>
      </symbol>
      <symbol id="sm-8">
         <name>__STACK_SIZE</name>
         <value>0x200</value>
      </symbol>
      <symbol id="sm-9">
         <name>__STACK_END</name>
         <value>0x20000200</value>
      </symbol>
      <symbol id="sm-a">
         <name>__c_args__</name>
         <value>0xffffffff</value>
      </symbol>
      <symbol id="sm-8f">
         <name>inputchar</name>
         <value>0x20000228</value>
      </symbol>
      <symbol id="sm-90">
         <name>ui32Period</name>
         <value>0x20000218</value>
      </symbol>
      <symbol id="sm-91">
         <name>ui32ADC0Value</name>
         <value>0x20000200</value>
      </symbol>
      <symbol id="sm-92">
         <name>ui32TempAvg</name>
         <value>0x2000021c</value>
      </symbol>
      <symbol id="sm-93">
         <name>ui32TempValueC</name>
         <value>0x20000220</value>
      </symbol>
      <symbol id="sm-94">
         <name>ui32TempValueF</name>
         <value>0x20000224</value>
      </symbol>
      <symbol id="sm-95">
         <name>ui32Load</name>
         <value>0x20000210</value>
      </symbol>
      <symbol id="sm-96">
         <name>ui32PWMClock</name>
         <value>0x20000214</value>
      </symbol>
      <symbol id="sm-97">
         <name>ui8Adjust</name>
         <value>0x20000229</value>
      </symbol>
      <symbol id="sm-98">
         <name>Timer1IntHandlerC</name>
         <value>0xba9</value>
         <object_component_ref idref="oc-150"/>
      </symbol>
      <symbol id="sm-99">
         <name>Timer1IntHandlerF</name>
         <value>0xc31</value>
         <object_component_ref idref="oc-156"/>
      </symbol>
      <symbol id="sm-9a">
         <name>main</name>
         <value>0x26d</value>
         <object_component_ref idref="oc-b2"/>
      </symbol>
      <symbol id="sm-d0">
         <name>ResetISR</name>
         <value>0x1363</value>
         <object_component_ref idref="oc-2a"/>
      </symbol>
      <symbol id="sm-d1">
         <name>g_pfnVectors</name>
         <value>0x0</value>
         <object_component_ref idref="oc-f"/>
      </symbol>
      <symbol id="sm-14a">
         <name>UARTgetc</name>
         <value>0x124d</value>
         <object_component_ref idref="oc-14a"/>
      </symbol>
      <symbol id="sm-14b">
         <name>UARTStdioConfig</name>
         <value>0xf4d</value>
         <object_component_ref idref="oc-13e"/>
      </symbol>
      <symbol id="sm-14c">
         <name>UARTwrite</name>
         <value>0x10e1</value>
         <object_component_ref idref="oc-215"/>
      </symbol>
      <symbol id="sm-14d">
         <name>UARTprintf</name>
         <value>0x1269</value>
         <object_component_ref idref="oc-144"/>
      </symbol>
      <symbol id="sm-14e">
         <name>UARTvprintf</name>
         <value>0x5ed</value>
         <object_component_ref idref="oc-1c0"/>
      </symbol>
      <symbol id="sm-161">
         <name>_c_int00</name>
         <value>0xffd</value>
         <object_component_ref idref="oc-24"/>
      </symbol>
      <symbol id="sm-162">
         <name>__stack</name>
         <value>0x20000000</value>
         <object_component_ref idref="oc-29"/>
      </symbol>
      <symbol id="sm-179">
         <name>__TI_decompress_none</name>
         <value>0x1331</value>
         <object_component_ref idref="oc-12"/>
      </symbol>
      <symbol id="sm-19c">
         <name>__TI_decompress_rle24</name>
         <value>0x1375</value>
         <object_component_ref idref="oc-18"/>
      </symbol>
      <symbol id="sm-1ae">
         <name>__TI_zero_init</name>
         <value>0x133f</value>
         <object_component_ref idref="oc-1e"/>
      </symbol>
      <symbol id="sm-1cd">
         <name>C$$EXIT</name>
         <value>0x1129</value>
         <object_component_ref idref="oc-7c"/>
      </symbol>
      <symbol id="sm-1ce">
         <name>abort</name>
         <value>0x112d</value>
         <object_component_ref idref="oc-7c"/>
      </symbol>
      <symbol id="sm-1cf">
         <name>exit</name>
         <value>0x1135</value>
         <object_component_ref idref="oc-7c"/>
      </symbol>
      <symbol id="sm-1d0">
         <name>__TI_dtors_ptr</name>
         <value>0x20000238</value>
         <object_component_ref idref="oc-bd"/>
      </symbol>
      <symbol id="sm-1d1">
         <name>__TI_cleanup_ptr</name>
         <value>0x20000234</value>
         <object_component_ref idref="oc-bd"/>
      </symbol>
      <symbol id="sm-1ec">
         <name>memcpy</name>
         <value>0xb0d</value>
         <object_component_ref idref="oc-45"/>
      </symbol>
      <symbol id="sm-1ed">
         <name>__aeabi_memcpy</name>
         <value>0xb0d</value>
         <object_component_ref idref="oc-45"/>
      </symbol>
      <symbol id="sm-1ee">
         <name>__aeabi_memcpy8</name>
         <value>0xb0d</value>
         <object_component_ref idref="oc-45"/>
      </symbol>
      <symbol id="sm-1ef">
         <name>__aeabi_memcpy4</name>
         <value>0xb0d</value>
         <object_component_ref idref="oc-45"/>
      </symbol>
      <symbol id="sm-1fe">
         <name>__aeabi_memset</name>
         <value>0xd35</value>
         <object_component_ref idref="oc-5e"/>
      </symbol>
      <symbol id="sm-1ff">
         <name>memset</name>
         <value>0xd3b</value>
         <object_component_ref idref="oc-5e"/>
      </symbol>
      <symbol id="sm-200">
         <name>__aeabi_memset8</name>
         <value>0xd35</value>
         <object_component_ref idref="oc-5e"/>
      </symbol>
      <symbol id="sm-201">
         <name>__aeabi_memset4</name>
         <value>0xd35</value>
         <object_component_ref idref="oc-5e"/>
      </symbol>
      <symbol id="sm-202">
         <name>__aeabi_memclr8</name>
         <value>0xd33</value>
         <object_component_ref idref="oc-5e"/>
      </symbol>
      <symbol id="sm-203">
         <name>__aeabi_memclr4</name>
         <value>0xd33</value>
         <object_component_ref idref="oc-5e"/>
      </symbol>
      <symbol id="sm-204">
         <name>__aeabi_memclr</name>
         <value>0xd33</value>
         <object_component_ref idref="oc-5e"/>
      </symbol>
      <symbol id="sm-20e">
         <name>_system_pre_init</name>
         <value>0x137f</value>
         <object_component_ref idref="oc-6a"/>
      </symbol>
      <symbol id="sm-216">
         <name>main_func_sp</name>
         <value>0x20000244</value>
         <object_component_ref idref="oc-82"/>
      </symbol>
      <symbol id="sm-228">
         <name>__aeabi_uidivmod</name>
         <value>0x116d</value>
         <object_component_ref idref="oc-21b"/>
      </symbol>
      <symbol id="sm-229">
         <name>__aeabi_uidiv</name>
         <value>0x116d</value>
         <object_component_ref idref="oc-21b"/>
      </symbol>
      <symbol id="sm-242">
         <name>_nop</name>
         <value>0x12db</value>
         <object_component_ref idref="oc-171"/>
      </symbol>
      <symbol id="sm-243">
         <name>_lock</name>
         <value>0x2000022c</value>
         <object_component_ref idref="oc-ba"/>
      </symbol>
      <symbol id="sm-244">
         <name>_unlock</name>
         <value>0x20000230</value>
         <object_component_ref idref="oc-ba"/>
      </symbol>
      <symbol id="sm-245">
         <name>_register_lock</name>
         <value>0x12d3</value>
         <object_component_ref idref="oc-171"/>
      </symbol>
      <symbol id="sm-246">
         <name>_register_unlock</name>
         <value>0x12cd</value>
         <object_component_ref idref="oc-171"/>
      </symbol>
      <symbol id="sm-25b">
         <name>_args_main</name>
         <value>0x12b5</value>
         <object_component_ref idref="oc-76"/>
      </symbol>
      <symbol id="sm-281">
         <name>__TI_auto_init</name>
         <value>0xdad</value>
         <object_component_ref idref="oc-70"/>
      </symbol>
      <symbol id="sm-29b">
         <name>copy_in</name>
         <value>0x104d</value>
         <object_component_ref idref="oc-aa"/>
      </symbol>
      <symbol id="sm-2a5">
         <name>__aeabi_idiv0</name>
         <value>0x1383</value>
         <object_component_ref idref="oc-226"/>
      </symbol>
      <symbol id="sm-2eb">
         <name>ADCProcessorTrigger</name>
         <value>0x1283</value>
         <object_component_ref idref="oc-1d9"/>
      </symbol>
      <symbol id="sm-2ec">
         <name>ADCSequenceEnable</name>
         <value>0x1323</value>
         <object_component_ref idref="oc-108"/>
      </symbol>
      <symbol id="sm-2ed">
         <name>ADCSequenceConfigure</name>
         <value>0xfad</value>
         <object_component_ref idref="oc-fc"/>
      </symbol>
      <symbol id="sm-2ee">
         <name>ADCSequenceStepConfigure</name>
         <value>0xcb9</value>
         <object_component_ref idref="oc-102"/>
      </symbol>
      <symbol id="sm-2ef">
         <name>ADCIntClear</name>
         <value>0x134b</value>
         <object_component_ref idref="oc-1d3"/>
      </symbol>
      <symbol id="sm-2f0">
         <name>ADCHardwareOversampleConfigure</name>
         <value>0x1315</value>
         <object_component_ref idref="oc-f6"/>
      </symbol>
      <symbol id="sm-2f1">
         <name>ADCSequenceDataGet</name>
         <value>0x122d</value>
         <object_component_ref idref="oc-1df"/>
      </symbol>
      <symbol id="sm-333">
         <name>GPIOPinConfigure</name>
         <value>0x1099</value>
         <object_component_ref idref="oc-12c"/>
      </symbol>
      <symbol id="sm-334">
         <name>GPIOPinTypeUART</name>
         <value>0x12e1</value>
         <object_component_ref idref="oc-132"/>
      </symbol>
      <symbol id="sm-335">
         <name>GPIOPinTypeGPIOOutput</name>
         <value>0x129b</value>
         <object_component_ref idref="oc-10e"/>
      </symbol>
      <symbol id="sm-336">
         <name>GPIODirModeSet</name>
         <value>0x11e1</value>
         <object_component_ref idref="oc-19d"/>
      </symbol>
      <symbol id="sm-337">
         <name>GPIOPinWrite</name>
         <value>0x135d</value>
         <object_component_ref idref="oc-15c"/>
      </symbol>
      <symbol id="sm-338">
         <name>GPIOPadConfigSet</name>
         <value>0x7d7</value>
         <object_component_ref idref="oc-197"/>
      </symbol>
      <symbol id="sm-35f">
         <name>IntEnable</name>
         <value>0xe85</value>
         <object_component_ref idref="oc-120"/>
      </symbol>
      <symbol id="sm-374">
         <name>PWMGenPeriodSet</name>
         <value>0x1305</value>
         <object_component_ref idref="oc-f0"/>
      </symbol>
      <symbol id="sm-375">
         <name>PWMGenConfigure</name>
         <value>0x120b</value>
         <object_component_ref idref="oc-ea"/>
      </symbol>
      <symbol id="sm-3c7">
         <name>SysCtlClockSet</name>
         <value>0xa19</value>
         <object_component_ref idref="oc-d8"/>
      </symbol>
      <symbol id="sm-3c8">
         <name>SysCtlDelay</name>
         <value>0x1369</value>
         <object_component_ref idref="oc-186"/>
      </symbol>
      <symbol id="sm-3c9">
         <name>SysCtlPeripheralEnable</name>
         <value>0x11ad</value>
         <object_component_ref idref="oc-de"/>
      </symbol>
      <symbol id="sm-3ca">
         <name>SysCtlClockGet</name>
         <value>0x909</value>
         <object_component_ref idref="oc-e4"/>
      </symbol>
      <symbol id="sm-3f6">
         <name>TimerLoadSet</name>
         <value>0x12f3</value>
         <object_component_ref idref="oc-11a"/>
      </symbol>
      <symbol id="sm-3f7">
         <name>TimerIntEnable</name>
         <value>0x1355</value>
         <object_component_ref idref="oc-126"/>
      </symbol>
      <symbol id="sm-3f8">
         <name>TimerConfigure</name>
         <value>0xeed</value>
         <object_component_ref idref="oc-114"/>
      </symbol>
      <symbol id="sm-3f9">
         <name>TimerIntClear</name>
         <value>0x137b</value>
         <object_component_ref idref="oc-1cd"/>
      </symbol>
      <symbol id="sm-406">
         <name>UARTClockSourceSet</name>
         <value>0x136f</value>
         <object_component_ref idref="oc-138"/>
      </symbol>
      <symbol id="sm-408">
         <name>__TI_static_base__</name>
         <value>0x0</value>
      </symbol>
      <symbol id="sm-40b">
         <name>SHT$$INIT_ARRAY$$Limit</name>
         <value>0x0</value>
      </symbol>
      <symbol id="sm-40c">
         <name>SHT$$INIT_ARRAY$$Base</name>
         <value>0x0</value>
      </symbol>
   </symbol_table>
   <title>Link successful</title>
</link_info>
