******************************************************************************
                  TI ARM Linker PC v5.2.6                      
******************************************************************************
>> Linked Thu Dec 09 11:15:18 2021

OUTPUT FILE NAME:   <Assignment_2.out>
ENTRY POINT SYMBOL: "_c_int00"  address: 00000ffd


MEMORY CONFIGURATION

         name            origin    length      used     unused   attr    fill
----------------------  --------  ---------  --------  --------  ----  --------
  FLASH                 00000000   00040000  00001556  0003eaaa  R  X
  SRAM                  20000000   00008000  00000246  00007dba  RW X


SEGMENT ALLOCATION MAP

run origin  load origin   length   init length attrs members
----------  ----------- ---------- ----------- ----- -------
00000000    00000000    00001558   00001558    r-x
  00000000    00000000    0000026c   0000026c    r-- .intvecs
  0000026c    0000026c    00001118   00001118    r-x .text
  00001384    00001384    0000019a   0000019a    r-- .const
  00001520    00001520    00000038   00000038    r-- .cinit
20000000    20000000    00000248   00000000    rw-
  20000000    20000000    00000200   00000000    rw- .stack
  20000200    20000200    0000002a   00000000    rw- .bss
  2000022c    2000022c    0000001c   00000000    rw- .data


SECTION ALLOCATION MAP

 output                                  attributes/
section   page    origin      length       input sections
--------  ----  ----------  ----------   ----------------
.intvecs   0    00000000    0000026c     
                  00000000    0000026c     startup_ccs.obj (.intvecs)

.text      0    0000026c    00001118     
                  0000026c    00000380     Assignment_2.obj (.text:main)
                  000005ec    000001ea     uartstdio.obj (.text:UARTvprintf)
                  000007d6    00000132     driverlib.lib : gpio.obj (.text:GPIOPadConfigSet)
                  00000908    00000110                   : sysctl.obj (.text:SysCtlClockGet)
                  00000a18    000000f4                   : sysctl.obj (.text:SysCtlClockSet)
                  00000b0c    0000009c     rtsv7M4_T_le_v4SPD16_eabi.lib : memcpy_t2.obj (.text)
                  00000ba8    00000088     Assignment_2.obj (.text:Timer1IntHandlerC)
                  00000c30    00000088     Assignment_2.obj (.text:Timer1IntHandlerF)
                  00000cb8    0000007a     driverlib.lib : adc.obj (.text:ADCSequenceStepConfigure)
                  00000d32    0000007a     rtsv7M4_T_le_v4SPD16_eabi.lib : memset_t2.obj (.text)
                  00000dac    0000006c                                   : autoinit.obj (.text)
                  00000e18    0000006a                                   : copy_decompress_rle.obj (.text)
                  00000e82    00000002     startup_ccs.obj (.text:FaultISR)
                  00000e84    00000068     driverlib.lib : interrupt.obj (.text:IntEnable)
                  00000eec    00000060                   : timer.obj (.text:TimerConfigure)
                  00000f4c    00000060     uartstdio.obj (.text:UARTStdioConfig)
                  00000fac    00000050     driverlib.lib : adc.obj (.text:ADCSequenceConfigure)
                  00000ffc    00000050     rtsv7M4_T_le_v4SPD16_eabi.lib : boot.obj (.text)
                  0000104c    0000004c                                   : cpy_tbl.obj (.text)
                  00001098    00000048     driverlib.lib : gpio.obj (.text:GPIOPinConfigure)
                  000010e0    00000048     uartstdio.obj (.text:UARTwrite)
                  00001128    00000044     rtsv7M4_T_le_v4SPD16_eabi.lib : exit.obj (.text)
                  0000116c    00000040                                   : u_divt2.obj (.text)
                  000011ac    00000034     driverlib.lib : sysctl.obj (.text:SysCtlPeripheralEnable)
                  000011e0    0000002a                   : gpio.obj (.text:GPIODirModeSet)
                  0000120a    00000022                   : pwm.obj (.text:PWMGenConfigure)
                  0000122c    0000001e                   : adc.obj (.text:ADCSequenceDataGet)
                  0000124a    00000002     startup_ccs.obj (.text:IntDefaultHandler)
                  0000124c    0000001c     uartstdio.obj (.text:UARTgetc)
                  00001268    0000001a     uartstdio.obj (.text:UARTprintf)
                  00001282    00000018     driverlib.lib : adc.obj (.text:ADCProcessorTrigger)
                  0000129a    00000018                   : gpio.obj (.text:GPIOPinTypeGPIOOutput)
                  000012b2    00000002     startup_ccs.obj (.text:NmiSR)
                  000012b4    00000018     rtsv7M4_T_le_v4SPD16_eabi.lib : args_main.obj (.text)
                  000012cc    00000014                                   : _lock.obj (.text)
                  000012e0    00000012     driverlib.lib : gpio.obj (.text:GPIOPinTypeUART)
                  000012f2    00000012                   : timer.obj (.text:TimerLoadSet)
                  00001304    00000010                   : pwm.obj (.text:PWMGenPeriodSet)
                  00001314    0000000e                   : adc.obj (.text:ADCHardwareOversampleConfigure)
                  00001322    0000000e                   : adc.obj (.text:ADCSequenceEnable)
                  00001330    0000000e     rtsv7M4_T_le_v4SPD16_eabi.lib : copy_decompress_none.obj (.text:decompress:none)
                  0000133e    0000000c                                   : copy_zero_init.obj (.text:decompress:ZI)
                  0000134a    0000000a     driverlib.lib : adc.obj (.text:ADCIntClear)
                  00001354    00000008                   : timer.obj (.text:TimerIntEnable)
                  0000135c    00000006                   : gpio.obj (.text:GPIOPinWrite)
                  00001362    00000006     startup_ccs.obj (.text:ResetISR)
                  00001368    00000006     driverlib.lib : sysctl.obj (.text:SysCtlDelay)
                  0000136e    00000006                   : uart.obj (.text:UARTClockSourceSet)
                  00001374    00000006     rtsv7M4_T_le_v4SPD16_eabi.lib : copy_decompress_rle.obj (.text:decompress:rle24)
                  0000137a    00000004     driverlib.lib : timer.obj (.text:TimerIntClear)
                  0000137e    00000004     rtsv7M4_T_le_v4SPD16_eabi.lib : pre_init.obj (.text)
                  00001382    00000002                                   : i_div0.obj (.text)

.const     0    00001384    0000019a     
                  00001384    00000090     driverlib.lib : gpio.obj (.const:g_pui32GPIOBaseAddrs)
                  00001414    00000070                   : interrupt.obj (.const)
                  00001484    0000006c                   : sysctl.obj (.const:g_pui32Xtals)
                  000014f0    0000001c     uartstdio.obj (.const)
                  0000150c    00000012     uartstdio.obj (.const:.string)

.cinit     0    00001520    00000038     
                  00001520    0000000f     (.cinit..data.load) [load image, compression = rle]
                  0000152f    00000001     --HOLE-- [fill = 0]
                  00001530    0000000c     (__TI_handler_table)
                  0000153c    00000004     --HOLE-- [fill = 0]
                  00001540    00000008     (.cinit..bss.load) [load image, compression = zero_init]
                  00001548    00000010     (__TI_cinit_table)

.init_array 
*          0    00000000    00000000     UNINITIALIZED

.stack     0    20000000    00000200     UNINITIALIZED
                  20000000    00000200     --HOLE--

.bss       0    20000200    0000002a     UNINITIALIZED
                  20000200    00000010     (.common:ui32ADC0Value)
                  20000210    00000004     (.common:ui32Load)
                  20000214    00000004     (.common:ui32PWMClock)
                  20000218    00000004     (.common:ui32Period)
                  2000021c    00000004     (.common:ui32TempAvg)
                  20000220    00000004     (.common:ui32TempValueC)
                  20000224    00000004     (.common:ui32TempValueF)
                  20000228    00000001     (.common:inputchar)
                  20000229    00000001     (.common:ui8Adjust)

.TI.noinit 
*          0    20000200    00000000     UNINITIALIZED

.data      0    2000022c    0000001c     UNINITIALIZED
                  2000022c    00000008     rtsv7M4_T_le_v4SPD16_eabi.lib : _lock.obj (.data)
                  20000234    00000008                                   : exit.obj (.data)
                  2000023c    00000005     uartstdio.obj (.data)
                  20000241    00000003     --HOLE--
                  20000244    00000004     rtsv7M4_T_le_v4SPD16_eabi.lib : stkdepth_vars.obj (.data)

.TI.persistent 
*          0    2000022c    00000000     UNINITIALIZED


LINKER GENERATED COPY TABLES

__TI_cinit_table @ 00001548 records: 2, size/record: 8, table size: 16
	.data: load addr=00001520, load size=0000000f bytes, run addr=2000022c, run size=0000001c bytes, compression=rle
	.bss: load addr=00001540, load size=00000008 bytes, run addr=20000200, run size=0000002a bytes, compression=zero_init


LINKER GENERATED HANDLER TABLE

__TI_handler_table @ 00001530 records: 3, size/record: 4, table size: 12
	index: 0, handler: __TI_decompress_rle24
	index: 1, handler: __TI_decompress_none
	index: 2, handler: __TI_zero_init


GLOBAL SYMBOLS: SORTED ALPHABETICALLY BY Name 

address   name                          
-------   ----                          
00001315  ADCHardwareOversampleConfigure
0000134b  ADCIntClear                   
00001283  ADCProcessorTrigger           
00000fad  ADCSequenceConfigure          
0000122d  ADCSequenceDataGet            
00001323  ADCSequenceEnable             
00000cb9  ADCSequenceStepConfigure      
00001129  C$$EXIT                       
000011e1  GPIODirModeSet                
000007d7  GPIOPadConfigSet              
00001099  GPIOPinConfigure              
0000129b  GPIOPinTypeGPIOOutput         
000012e1  GPIOPinTypeUART               
0000135d  GPIOPinWrite                  
00000e85  IntEnable                     
0000120b  PWMGenConfigure               
00001305  PWMGenPeriodSet               
00001363  ResetISR                      
UNDEFED   SHT$$INIT_ARRAY$$Base         
UNDEFED   SHT$$INIT_ARRAY$$Limit        
00000909  SysCtlClockGet                
00000a19  SysCtlClockSet                
00001369  SysCtlDelay                   
000011ad  SysCtlPeripheralEnable        
00000ba9  Timer1IntHandlerC             
00000c31  Timer1IntHandlerF             
00000eed  TimerConfigure                
0000137b  TimerIntClear                 
00001355  TimerIntEnable                
000012f3  TimerLoadSet                  
0000136f  UARTClockSourceSet            
00000f4d  UARTStdioConfig               
0000124d  UARTgetc                      
00001269  UARTprintf                    
000005ed  UARTvprintf                   
000010e1  UARTwrite                     
20000200  __STACK_END                   
00000200  __STACK_SIZE                  
20000200  __STACK_TOP                   
00001548  __TI_CINIT_Base               
00001558  __TI_CINIT_Limit              
00001530  __TI_Handler_Table_Base       
0000153c  __TI_Handler_Table_Limit      
00000dad  __TI_auto_init                
20000234  __TI_cleanup_ptr              
00001331  __TI_decompress_none          
00001375  __TI_decompress_rle24         
20000238  __TI_dtors_ptr                
00000000  __TI_static_base__            
0000133f  __TI_zero_init                
00001383  __aeabi_idiv0                 
00000d33  __aeabi_memclr                
00000d33  __aeabi_memclr4               
00000d33  __aeabi_memclr8               
00000b0d  __aeabi_memcpy                
00000b0d  __aeabi_memcpy4               
00000b0d  __aeabi_memcpy8               
00000d35  __aeabi_memset                
00000d35  __aeabi_memset4               
00000d35  __aeabi_memset8               
0000116d  __aeabi_uidiv                 
0000116d  __aeabi_uidivmod              
ffffffff  __binit__                     
ffffffff  __c_args__                    
20000000  __stack                       
000012b5  _args_main                    
00000ffd  _c_int00                      
2000022c  _lock                         
000012db  _nop                          
000012d3  _register_lock                
000012cd  _register_unlock              
0000137f  _system_pre_init              
20000230  _unlock                       
0000112d  abort                         
ffffffff  binit                         
0000104d  copy_in                       
00001135  exit                          
00000000  g_pfnVectors                  
20000228  inputchar                     
0000026d  main                          
20000244  main_func_sp                  
00000b0d  memcpy                        
00000d3b  memset                        
20000200  ui32ADC0Value                 
20000210  ui32Load                      
20000214  ui32PWMClock                  
20000218  ui32Period                    
2000021c  ui32TempAvg                   
20000220  ui32TempValueC                
20000224  ui32TempValueF                
20000229  ui8Adjust                     


GLOBAL SYMBOLS: SORTED BY Symbol Address 

address   name                          
-------   ----                          
00000000  __TI_static_base__            
00000000  g_pfnVectors                  
00000200  __STACK_SIZE                  
0000026d  main                          
000005ed  UARTvprintf                   
000007d7  GPIOPadConfigSet              
00000909  SysCtlClockGet                
00000a19  SysCtlClockSet                
00000b0d  __aeabi_memcpy                
00000b0d  __aeabi_memcpy4               
00000b0d  __aeabi_memcpy8               
00000b0d  memcpy                        
00000ba9  Timer1IntHandlerC             
00000c31  Timer1IntHandlerF             
00000cb9  ADCSequenceStepConfigure      
00000d33  __aeabi_memclr                
00000d33  __aeabi_memclr4               
00000d33  __aeabi_memclr8               
00000d35  __aeabi_memset                
00000d35  __aeabi_memset4               
00000d35  __aeabi_memset8               
00000d3b  memset                        
00000dad  __TI_auto_init                
00000e85  IntEnable                     
00000eed  TimerConfigure                
00000f4d  UARTStdioConfig               
00000fad  ADCSequenceConfigure          
00000ffd  _c_int00                      
0000104d  copy_in                       
00001099  GPIOPinConfigure              
000010e1  UARTwrite                     
00001129  C$$EXIT                       
0000112d  abort                         
00001135  exit                          
0000116d  __aeabi_uidiv                 
0000116d  __aeabi_uidivmod              
000011ad  SysCtlPeripheralEnable        
000011e1  GPIODirModeSet                
0000120b  PWMGenConfigure               
0000122d  ADCSequenceDataGet            
0000124d  UARTgetc                      
00001269  UARTprintf                    
00001283  ADCProcessorTrigger           
0000129b  GPIOPinTypeGPIOOutput         
000012b5  _args_main                    
000012cd  _register_unlock              
000012d3  _register_lock                
000012db  _nop                          
000012e1  GPIOPinTypeUART               
000012f3  TimerLoadSet                  
00001305  PWMGenPeriodSet               
00001315  ADCHardwareOversampleConfigure
00001323  ADCSequenceEnable             
00001331  __TI_decompress_none          
0000133f  __TI_zero_init                
0000134b  ADCIntClear                   
00001355  TimerIntEnable                
0000135d  GPIOPinWrite                  
00001363  ResetISR                      
00001369  SysCtlDelay                   
0000136f  UARTClockSourceSet            
00001375  __TI_decompress_rle24         
0000137b  TimerIntClear                 
0000137f  _system_pre_init              
00001383  __aeabi_idiv0                 
00001530  __TI_Handler_Table_Base       
0000153c  __TI_Handler_Table_Limit      
00001548  __TI_CINIT_Base               
00001558  __TI_CINIT_Limit              
20000000  __stack                       
20000200  __STACK_END                   
20000200  __STACK_TOP                   
20000200  ui32ADC0Value                 
20000210  ui32Load                      
20000214  ui32PWMClock                  
20000218  ui32Period                    
2000021c  ui32TempAvg                   
20000220  ui32TempValueC                
20000224  ui32TempValueF                
20000228  inputchar                     
20000229  ui8Adjust                     
2000022c  _lock                         
20000230  _unlock                       
20000234  __TI_cleanup_ptr              
20000238  __TI_dtors_ptr                
20000244  main_func_sp                  
ffffffff  __binit__                     
ffffffff  __c_args__                    
ffffffff  binit                         
UNDEFED   SHT$$INIT_ARRAY$$Base         
UNDEFED   SHT$$INIT_ARRAY$$Limit        

[91 symbols]
